stm32f4xx_it.c:95:6:NMI_Handler	0	static
stm32f4xx_it.c:108:6:HardFault_Handler	0	static
stm32f4xx_it.c:123:6:MemManage_Handler	0	static
stm32f4xx_it.c:138:6:BusFault_Handler	0	static
stm32f4xx_it.c:153:6:UsageFault_Handler	0	static
stm32f4xx_it.c:168:6:DebugMon_Handler	0	static
stm32f4xx_it.c:181:6:SysTick_Handler	8	static
stm32f4xx_it.c:203:6:I2C2_EV_IRQHandler	0	static
stm32f4xx_it.c:217:6:I2C2_ER_IRQHandler	0	static
stm32f4xx_it.c:231:6:USART1_IRQHandler	0	static
stm32f4xx_it.c:245:6:USART2_IRQHandler	0	static
stm32f4xx_it.c:259:6:USART3_IRQHandler	0	static
stm32f4xx_it.c:273:6:SDIO_IRQHandler	0	static
stm32f4xx_it.c:287:6:UART4_IRQHandler	0	static
stm32f4xx_it.c:301:6:DMA2_Stream3_IRQHandler	0	static
stm32f4xx_it.c:315:6:DMA2_Stream6_IRQHandler	0	static
stm32f4xx_it.c:329:6:USART6_IRQHandler	0	static
stm32f4xx_it.c:343:6:I2C3_EV_IRQHandler	0	static
stm32f4xx_it.c:357:6:I2C3_ER_IRQHandler	0	static
