Archive member included to satisfy reference by file (symbol)

/opt/truestudio/ARMTools/bin/../lib/gcc/arm-atollic-eabi/6.3.1/../../../../arm-atollic-eabi/lib/armv7e-m/fpu/libc_nano.a(lib_a-errno.o)
                              Src/syscalls.o (__errno)
/opt/truestudio/ARMTools/bin/../lib/gcc/arm-atollic-eabi/6.3.1/../../../../arm-atollic-eabi/lib/armv7e-m/fpu/libc_nano.a(lib_a-impure.o)
                              /opt/truestudio/ARMTools/bin/../lib/gcc/arm-atollic-eabi/6.3.1/../../../../arm-atollic-eabi/lib/armv7e-m/fpu/libc_nano.a(lib_a-errno.o) (_impure_ptr)
/opt/truestudio/ARMTools/bin/../lib/gcc/arm-atollic-eabi/6.3.1/../../../../arm-atollic-eabi/lib/armv7e-m/fpu/libc_nano.a(lib_a-init.o)
                              startup/startup_stm32f407xx.o (__libc_init_array)
/opt/truestudio/ARMTools/bin/../lib/gcc/arm-atollic-eabi/6.3.1/../../../../arm-atollic-eabi/lib/armv7e-m/fpu/libc_nano.a(lib_a-memcpy-stub.o)
                              Middlewares/Third_Party/FreeRTOS/Source/queue.o (memcpy)
/opt/truestudio/ARMTools/bin/../lib/gcc/arm-atollic-eabi/6.3.1/../../../../arm-atollic-eabi/lib/armv7e-m/fpu/libc_nano.a(lib_a-memset.o)
                              Middlewares/Third_Party/FreeRTOS/Source/stream_buffer.o (memset)
/opt/truestudio/ARMTools/bin/../lib/gcc/arm-atollic-eabi/6.3.1/../../../../arm-atollic-eabi/lib/armv7e-m/fpu/libc_nano.a(lib_a-sprintf.o)
                              Src/main.o (sprintf)
/opt/truestudio/ARMTools/bin/../lib/gcc/arm-atollic-eabi/6.3.1/../../../../arm-atollic-eabi/lib/armv7e-m/fpu/libc_nano.a(lib_a-vsnprintf.o)
                              Src/main.o (vsnprintf)
/opt/truestudio/ARMTools/bin/../lib/gcc/arm-atollic-eabi/6.3.1/../../../../arm-atollic-eabi/lib/armv7e-m/fpu/libc_nano.a(lib_a-nano-svfprintf.o)
                              /opt/truestudio/ARMTools/bin/../lib/gcc/arm-atollic-eabi/6.3.1/../../../../arm-atollic-eabi/lib/armv7e-m/fpu/libc_nano.a(lib_a-sprintf.o) (_svfprintf_r)
/opt/truestudio/ARMTools/bin/../lib/gcc/arm-atollic-eabi/6.3.1/../../../../arm-atollic-eabi/lib/armv7e-m/fpu/libc_nano.a(lib_a-nano-vfprintf_i.o)
                              /opt/truestudio/ARMTools/bin/../lib/gcc/arm-atollic-eabi/6.3.1/../../../../arm-atollic-eabi/lib/armv7e-m/fpu/libc_nano.a(lib_a-nano-svfprintf.o) (_printf_i)
/opt/truestudio/ARMTools/bin/../lib/gcc/arm-atollic-eabi/6.3.1/../../../../arm-atollic-eabi/lib/armv7e-m/fpu/libc_nano.a(lib_a-memchr.o)
                              /opt/truestudio/ARMTools/bin/../lib/gcc/arm-atollic-eabi/6.3.1/../../../../arm-atollic-eabi/lib/armv7e-m/fpu/libc_nano.a(lib_a-nano-svfprintf.o) (memchr)
/opt/truestudio/ARMTools/bin/../lib/gcc/arm-atollic-eabi/6.3.1/../../../../arm-atollic-eabi/lib/armv7e-m/fpu/libc_nano.a(lib_a-memmove.o)
                              /opt/truestudio/ARMTools/bin/../lib/gcc/arm-atollic-eabi/6.3.1/../../../../arm-atollic-eabi/lib/armv7e-m/fpu/libc_nano.a(lib_a-nano-svfprintf.o) (memmove)
/opt/truestudio/ARMTools/bin/../lib/gcc/arm-atollic-eabi/6.3.1/../../../../arm-atollic-eabi/lib/armv7e-m/fpu/libc_nano.a(lib_a-nano-freer.o)
                              /opt/truestudio/ARMTools/bin/../lib/gcc/arm-atollic-eabi/6.3.1/../../../../arm-atollic-eabi/lib/armv7e-m/fpu/libc_nano.a(lib_a-nano-svfprintf.o) (_free_r)
/opt/truestudio/ARMTools/bin/../lib/gcc/arm-atollic-eabi/6.3.1/../../../../arm-atollic-eabi/lib/armv7e-m/fpu/libc_nano.a(lib_a-nano-mallocr.o)
                              /opt/truestudio/ARMTools/bin/../lib/gcc/arm-atollic-eabi/6.3.1/../../../../arm-atollic-eabi/lib/armv7e-m/fpu/libc_nano.a(lib_a-nano-svfprintf.o) (_malloc_r)
/opt/truestudio/ARMTools/bin/../lib/gcc/arm-atollic-eabi/6.3.1/../../../../arm-atollic-eabi/lib/armv7e-m/fpu/libc_nano.a(lib_a-nano-reallocr.o)
                              /opt/truestudio/ARMTools/bin/../lib/gcc/arm-atollic-eabi/6.3.1/../../../../arm-atollic-eabi/lib/armv7e-m/fpu/libc_nano.a(lib_a-nano-svfprintf.o) (_realloc_r)
/opt/truestudio/ARMTools/bin/../lib/gcc/arm-atollic-eabi/6.3.1/../../../../arm-atollic-eabi/lib/armv7e-m/fpu/libc_nano.a(lib_a-sbrkr.o)
                              /opt/truestudio/ARMTools/bin/../lib/gcc/arm-atollic-eabi/6.3.1/../../../../arm-atollic-eabi/lib/armv7e-m/fpu/libc_nano.a(lib_a-nano-mallocr.o) (_sbrk_r)
/opt/truestudio/ARMTools/bin/../lib/gcc/arm-atollic-eabi/6.3.1/../../../../arm-atollic-eabi/lib/armv7e-m/fpu/libc_nano.a(lib_a-mlock.o)
                              /opt/truestudio/ARMTools/bin/../lib/gcc/arm-atollic-eabi/6.3.1/../../../../arm-atollic-eabi/lib/armv7e-m/fpu/libc_nano.a(lib_a-nano-freer.o) (__malloc_lock)
/opt/truestudio/ARMTools/bin/../lib/gcc/arm-atollic-eabi/6.3.1/../../../../arm-atollic-eabi/lib/armv7e-m/fpu/libc_nano.a(lib_a-nano-msizer.o)
                              /opt/truestudio/ARMTools/bin/../lib/gcc/arm-atollic-eabi/6.3.1/../../../../arm-atollic-eabi/lib/armv7e-m/fpu/libc_nano.a(lib_a-nano-reallocr.o) (_malloc_usable_size_r)
[...]
Memory Configuration

Name             Origin             Length             Attributes
RAM              0x0000000020000000 0x0000000000020000 xrw
CCMRAM           0x0000000010000000 0x0000000000010000 rw
FLASH            0x0000000008000000 0x0000000000100000 xr
*default*        0x0000000000000000 0xffffffffffffffff

Linker script and memory map

LOAD /opt/truestudio/ARMTools/bin/../lib/gcc/arm-atollic-eabi/6.3.1/armv7e-m/fpu/crti.o
LOAD /opt/truestudio/ARMTools/bin/../lib/gcc/arm-atollic-eabi/6.3.1/armv7e-m/fpu/crtbegin.o
LOAD Drivers/STM32F4xx_HAL_Driver/Src/stm32f4xx_hal.o
LOAD Drivers/STM32F4xx_HAL_Driver/Src/stm32f4xx_hal_adc.o
LOAD Drivers/STM32F4xx_HAL_Driver/Src/stm32f4xx_hal_adc_ex.o
LOAD Drivers/STM32F4xx_HAL_Driver/Src/stm32f4xx_hal_cortex.o
LOAD Drivers/STM32F4xx_HAL_Driver/Src/stm32f4xx_hal_dma.o
LOAD Drivers/STM32F4xx_HAL_Driver/Src/stm32f4xx_hal_dma_ex.o
LOAD Drivers/STM32F4xx_HAL_Driver/Src/stm32f4xx_hal_exti.o
LOAD Drivers/STM32F4xx_HAL_Driver/Src/stm32f4xx_hal_flash.o
LOAD Drivers/STM32F4xx_HAL_Driver/Src/stm32f4xx_hal_flash_ex.o
LOAD Drivers/STM32F4xx_HAL_Driver/Src/stm32f4xx_hal_flash_ramfunc.o
LOAD Drivers/STM32F4xx_HAL_Driver/Src/stm32f4xx_hal_gpio.o
LOAD Drivers/STM32F4xx_HAL_Driver/Src/stm32f4xx_hal_i2c.o
LOAD Drivers/STM32F4xx_HAL_Driver/Src/stm32f4xx_hal_i2c_ex.o
LOAD Drivers/STM32F4xx_HAL_Driver/Src/stm32f4xx_hal_pwr.o
LOAD Drivers/STM32F4xx_HAL_Driver/Src/stm32f4xx_hal_pwr_ex.o
LOAD Drivers/STM32F4xx_HAL_Driver/Src/stm32f4xx_hal_rcc.o
LOAD Drivers/STM32F4xx_HAL_Driver/Src/stm32f4xx_hal_rcc_ex.o
LOAD Drivers/STM32F4xx_HAL_Driver/Src/stm32f4xx_hal_sd.o
LOAD Drivers/STM32F4xx_HAL_Driver/Src/stm32f4xx_hal_tim.o
LOAD Drivers/STM32F4xx_HAL_Driver/Src/stm32f4xx_hal_tim_ex.o
LOAD Drivers/STM32F4xx_HAL_Driver/Src/stm32f4xx_hal_uart.o
LOAD Drivers/STM32F4xx_HAL_Driver/Src/stm32f4xx_ll_sdmmc.o
LOAD Middlewares/Third_Party/FatFs/src/diskio.o
LOAD Middlewares/Third_Party/FatFs/src/ff.o
LOAD Middlewares/Third_Party/FatFs/src/ff_gen_drv.o
LOAD Middlewares/Third_Party/FatFs/src/option/syscall.o
LOAD Middlewares/Third_Party/FreeRTOS/Source/CMSIS_RTOS/cmsis_os.o
LOAD Middlewares/Third_Party/FreeRTOS/Source/croutine.o
LOAD Middlewares/Third_Party/FreeRTOS/Source/event_groups.o
LOAD Middlewares/Third_Party/FreeRTOS/Source/list.o
LOAD Middlewares/Third_Party/FreeRTOS/Source/portable/GCC/ARM_CM4F/port.o
LOAD Middlewares/Third_Party/FreeRTOS/Source/portable/MemMang/heap_4.o
LOAD Middlewares/Third_Party/FreeRTOS/Source/queue.o
LOAD Middlewares/Third_Party/FreeRTOS/Source/stream_buffer.o
LOAD Middlewares/Third_Party/FreeRTOS/Source/tasks.o
LOAD Middlewares/Third_Party/FreeRTOS/Source/timers.o
LOAD Src/bsp_driver_sd.o
LOAD Src/fatfs.o
LOAD Src/freertos.o
LOAD Src/main.o
LOAD Src/sd_diskio.o
LOAD Src/stm32f4xx_hal_msp.o
LOAD Src/stm32f4xx_it.o
LOAD Src/syscalls.o
LOAD Src/system_stm32f4xx.o
LOAD common/cobs.o
LOAD common/crc16.o
LOAD common/dwt_stm32_delay.o
LOAD common/hx711.o
LOAD common/ms56xx.o
LOAD common/stream.o
LOAD startup/startup_stm32f407xx.o
                0x0000000000000080                malloc_getpagesize_P = 0x80
START GROUP
LOAD /opt/truestudio/ARMTools/bin/../lib/gcc/arm-atollic-eabi/6.3.1/../../../../arm-atollic-eabi/lib/armv7e-m/fpu/libc_nano.a
LOAD /opt/truestudio/ARMTools/bin/../lib/gcc/arm-atollic-eabi/6.3.1/../../../../arm-atollic-eabi/lib/armv7e-m/fpu/libm.a
END GROUP
START GROUP
LOAD /opt/truestudio/ARMTools/bin/../lib/gcc/arm-atollic-eabi/6.3.1/armv7e-m/fpu/libgcc.a
LOAD /opt/truestudio/ARMTools/bin/../lib/gcc/arm-atollic-eabi/6.3.1/../../../../arm-atollic-eabi/lib/armv7e-m/fpu/libc_nano.a
END GROUP
START GROUP
LOAD /opt/truestudio/ARMTools/bin/../lib/gcc/arm-atollic-eabi/6.3.1/armv7e-m/fpu/libgcc.a
LOAD /opt/truestudio/ARMTools/bin/../lib/gcc/arm-atollic-eabi/6.3.1/../../../../arm-atollic-eabi/lib/armv7e-m/fpu/libc_nano.a
LOAD /opt/truestudio/ARMTools/bin/../lib/gcc/arm-atollic-eabi/6.3.1/../../../../arm-atollic-eabi/lib/armv7e-m/fpu/libnosys.a
END GROUP
START GROUP
LOAD /opt/truestudio/ARMTools/bin/../lib/gcc/arm-atollic-eabi/6.3.1/armv7e-m/fpu/libgcc.a
LOAD /opt/truestudio/ARMTools/bin/../lib/gcc/arm-atollic-eabi/6.3.1/../../../../arm-atollic-eabi/lib/armv7e-m/fpu/libc_nano.a
LOAD /opt/truestudio/ARMTools/bin/../lib/gcc/arm-atollic-eabi/6.3.1/../../../../arm-atollic-eabi/lib/armv7e-m/fpu/libnosys.a
END GROUP
LOAD /opt/truestudio/ARMTools/bin/../lib/gcc/arm-atollic-eabi/6.3.1/armv7e-m/fpu/crtend.o
LOAD /opt/truestudio/ARMTools/bin/../lib/gcc/arm-atollic-eabi/6.3.1/armv7e-m/fpu/crtn.o
                0x0000000020020000                _estack = 0x20020000
                0x0000000000000200                _Min_Heap_Size = 0x200
                0x0000000000000400                _Min_Stack_Size = 0x400

.isr_vector     0x0000000008000000      0x188
                0x0000000008000000                . = ALIGN (0x4)
 *(.isr_vector)
 .isr_vector    0x0000000008000000      0x188 startup/startup_stm32f407xx.o
                0x0000000008000000                g_pfnVectors
                0x0000000008000188                . = ALIGN (0x4)

.text           0x0000000008000190     0xc694
                0x0000000008000190                . = ALIGN (0x4)
 *(.text)
 .text          0x0000000008000190       0x40 /opt/truestudio/ARMTools/bin/../lib/gcc/arm-atollic-eabi/6.3.1/armv7e-m/fpu/crtbegin.o
 .text          0x00000000080001d0       0xa0 /opt/truestudio/ARMTools/bin/../lib/gcc/arm-atollic-eabi/6.3.1/../../../../arm-atollic-eabi/lib/armv7e-m/fpu/libc_nano.a(lib_a-memchr.o)
                0x00000000080001d0                memchr
 .text          0x0000000008000270      0x370 /opt/truestudio/ARMTools/bin/../lib/gcc/arm-atollic-eabi/6.3.1/armv7e-m/fpu/libgcc.a(_arm_addsubdf3.o)
                0x0000000008000270                __aeabi_drsub
                0x0000000008000278                __aeabi_dsub
                0x0000000008000278                __subdf3
                0x000000000800027c                __adddf3
                0x000000000800027c                __aeabi_dadd
                0x00000000080004f4                __aeabi_ui2d
                0x00000000080004f4                __floatunsidf
                0x0000000008000514                __floatsidf
                0x0000000008000514                __aeabi_i2d
                0x0000000008000538                __extendsfdf2
                0x0000000008000538                __aeabi_f2d
                0x0000000008000574                __aeabi_ul2d
                0x0000000008000574                __floatundidf
                0x0000000008000584                __floatdidf
                0x0000000008000584                __aeabi_l2d
 .text          0x00000000080005e0      0x424 /opt/truestudio/ARMTools/bin/../lib/gcc/arm-atollic-eabi/6.3.1/armv7e-m/fpu/libgcc.a(_arm_muldivdf3.o)
                0x00000000080005e0                __aeabi_dmul
                0x00000000080005e0                __muldf3
                0x0000000008000834                __aeabi_ddiv
                0x0000000008000834                __divdf3
 .text          0x0000000008000a04      0x110 /opt/truestudio/ARMTools/bin/../lib/gcc/arm-atollic-eabi/6.3.1/armv7e-m/fpu/libgcc.a(_arm_cmpdf2.o)
                0x0000000008000a04                __gtdf2
                0x0000000008000a04                __gedf2
                0x0000000008000a0c                __ltdf2
                0x0000000008000a0c                __ledf2
                0x0000000008000a14                __cmpdf2
                0x0000000008000a14                __eqdf2
                0x0000000008000a14                __nedf2
                0x0000000008000a90                __aeabi_cdrcmple
                0x0000000008000aa0                __aeabi_cdcmple
                0x0000000008000aa0                __aeabi_cdcmpeq
                0x0000000008000ab0                __aeabi_dcmpeq
                0x0000000008000ac4                __aeabi_dcmplt
                0x0000000008000ad8                __aeabi_dcmple
                0x0000000008000aec                __aeabi_dcmpge
                0x0000000008000b00                __aeabi_dcmpgt
 .text          0x0000000008000b14       0x2c /opt/truestudio/ARMTools/bin/../lib/gcc/arm-atollic-eabi/6.3.1/armv7e-m/fpu/libgcc.a(_arm_unorddf2.o)
                0x0000000008000b14                __aeabi_dcmpun
                0x0000000008000b14                __unorddf2
 .text          0x0000000008000b40       0xa0 /opt/truestudio/ARMTools/bin/../lib/gcc/arm-atollic-eabi/6.3.1/armv7e-m/fpu/libgcc.a(_arm_truncdfsf2.o)
                0x0000000008000b40                __aeabi_d2f
                0x0000000008000b40                __truncdfsf2
 .text          0x0000000008000be0       0x30 /opt/truestudio/ARMTools/bin/../lib/gcc/arm-atollic-eabi/6.3.1/armv7e-m/fpu/libgcc.a(_aeabi_uldivmod.o)
                0x0000000008000be0                __aeabi_uldivmod
 .text          0x0000000008000c10      0x2dc /opt/truestudio/ARMTools/bin/../lib/gcc/arm-atollic-eabi/6.3.1/armv7e-m/fpu/libgcc.a(_udivmoddi4.o)
                0x0000000008000c10                __udivmoddi4
 .text          0x0000000008000eec        0x4 /opt/truestudio/ARMTools/bin/../lib/gcc/arm-atollic-eabi/6.3.1/armv7e-m/fpu/libgcc.a(_dvmd_tls.o)
                0x0000000008000eec                __aeabi_ldiv0
                0x0000000008000eec                __aeabi_idiv0
 *(.text*)
 .text.HAL_InitTick
                0x0000000008000ef0       0x48 Drivers/STM32F4xx_HAL_Driver/Src/stm32f4xx_hal.o
                0x0000000008000ef0                HAL_InitTick
 .text.HAL_Init
                0x0000000008000f38       0x34 Drivers/STM32F4xx_HAL_Driver/Src/stm32f4xx_hal.o
                0x0000000008000f38                HAL_Init
 .text.HAL_IncTick
                0x0000000008000f6c       0x18 Drivers/STM32F4xx_HAL_Driver/Src/stm32f4xx_hal.o
                0x0000000008000f6c                HAL_IncTick
 .text.HAL_GetTick
                0x0000000008000f84        0xc Drivers/STM32F4xx_HAL_Driver/Src/stm32f4xx_hal.o
                0x0000000008000f84                HAL_GetTick
 .text.HAL_Delay
                0x0000000008000f90       0x28 Drivers/STM32F4xx_HAL_Driver/Src/stm32f4xx_hal.o
                0x0000000008000f90                HAL_Delay
 .text.HAL_ADC_Init
                0x0000000008000fb8      0x14c Drivers/STM32F4xx_HAL_Driver/Src/stm32f4xx_hal_adc.o
                0x0000000008000fb8                HAL_ADC_Init
 .text.HAL_ADC_ConfigChannel
                0x0000000008001104      0x12c Drivers/STM32F4xx_HAL_Driver/Src/stm32f4xx_hal_adc.o
                0x0000000008001104                HAL_ADC_ConfigChannel
 .text.HAL_NVIC_SetPriorityGrouping
                0x0000000008001230       0x24 Drivers/STM32F4xx_HAL_Driver/Src/stm32f4xx_hal_cortex.o
                0x0000000008001230                HAL_NVIC_SetPriorityGrouping
 .text.HAL_NVIC_SetPriority
                0x0000000008001254       0x68 Drivers/STM32F4xx_HAL_Driver/Src/stm32f4xx_hal_cortex.o
                0x0000000008001254                HAL_NVIC_SetPriority
 .text.HAL_NVIC_EnableIRQ
                0x00000000080012bc       0x1c Drivers/STM32F4xx_HAL_Driver/Src/stm32f4xx_hal_cortex.o
                0x00000000080012bc                HAL_NVIC_EnableIRQ
 .text.HAL_SYSTICK_Config
                0x00000000080012d8       0x2c Drivers/STM32F4xx_HAL_Driver/Src/stm32f4xx_hal_cortex.o
                0x00000000080012d8                HAL_SYSTICK_Config
 .text.DMA_CalcBaseAndBitshift
                0x0000000008001304       0x2c Drivers/STM32F4xx_HAL_Driver/Src/stm32f4xx_hal_dma.o
 .text.HAL_DMA_Init
                0x0000000008001330       0xfc Drivers/STM32F4xx_HAL_Driver/Src/stm32f4xx_hal_dma.o
                0x0000000008001330                HAL_DMA_Init
 .text.HAL_DMA_Start_IT
                0x000000000800142c       0x7c Drivers/STM32F4xx_HAL_Driver/Src/stm32f4xx_hal_dma.o
                0x000000000800142c                HAL_DMA_Start_IT
 .text.HAL_DMA_Abort_IT
                0x00000000080014a8       0x24 Drivers/STM32F4xx_HAL_Driver/Src/stm32f4xx_hal_dma.o
                0x00000000080014a8                HAL_DMA_Abort_IT
 .text.HAL_DMA_IRQHandler
                0x00000000080014cc      0x174 Drivers/STM32F4xx_HAL_Driver/Src/stm32f4xx_hal_dma.o
                0x00000000080014cc                HAL_DMA_IRQHandler
 .text.HAL_DMA_GetState
                0x0000000008001640        0x6 Drivers/STM32F4xx_HAL_Driver/Src/stm32f4xx_hal_dma.o
                0x0000000008001640                HAL_DMA_GetState
 *fill*         0x0000000008001646        0x2 
 .text.HAL_GPIO_Init
                0x0000000008001648      0x1c0 Drivers/STM32F4xx_HAL_Driver/Src/stm32f4xx_hal_gpio.o
                0x0000000008001648                HAL_GPIO_Init
 .text.HAL_GPIO_ReadPin
                0x0000000008001808        0xc Drivers/STM32F4xx_HAL_Driver/Src/stm32f4xx_hal_gpio.o
                0x0000000008001808                HAL_GPIO_ReadPin
 .text.HAL_GPIO_WritePin
                0x0000000008001814        0xa Drivers/STM32F4xx_HAL_Driver/Src/stm32f4xx_hal_gpio.o
                0x0000000008001814                HAL_GPIO_WritePin
 .text.I2C_IsAcknowledgeFailed
                0x000000000800181e       0x34 Drivers/STM32F4xx_HAL_Driver/Src/stm32f4xx_hal_i2c.o
 .text.I2C_WaitOnMasterAddressFlagUntilTimeout
                0x0000000008001852       0x8a Drivers/STM32F4xx_HAL_Driver/Src/stm32f4xx_hal_i2c.o
 .text.I2C_WaitOnBTFFlagUntilTimeout
                0x00000000080018dc       0x4c Drivers/STM32F4xx_HAL_Driver/Src/stm32f4xx_hal_i2c.o
 .text.I2C_WaitOnRXNEFlagUntilTimeout
                0x0000000008001928       0x5e Drivers/STM32F4xx_HAL_Driver/Src/stm32f4xx_hal_i2c.o
 .text.I2C_WaitOnFlagUntilTimeout
                0x0000000008001986       0x64 Drivers/STM32F4xx_HAL_Driver/Src/stm32f4xx_hal_i2c.o
 .text.I2C_WaitOnTXEFlagUntilTimeout
                0x00000000080019ea       0x4c Drivers/STM32F4xx_HAL_Driver/Src/stm32f4xx_hal_i2c.o
 *fill*         0x0000000008001a36        0x2 
 .text.I2C_RequestMemoryWrite
                0x0000000008001a38       0x9c Drivers/STM32F4xx_HAL_Driver/Src/stm32f4xx_hal_i2c.o
 .text.I2C_RequestMemoryRead
                0x0000000008001ad4       0xec Drivers/STM32F4xx_HAL_Driver/Src/stm32f4xx_hal_i2c.o
 .text.HAL_I2C_Init
                0x0000000008001bc0      0x148 Drivers/STM32F4xx_HAL_Driver/Src/stm32f4xx_hal_i2c.o
                0x0000000008001bc0                HAL_I2C_Init
 .text.HAL_I2C_Master_Transmit
                0x0000000008001d08      0x19c Drivers/STM32F4xx_HAL_Driver/Src/stm32f4xx_hal_i2c.o
                0x0000000008001d08                HAL_I2C_Master_Transmit
 .text.HAL_I2C_Mem_Write
                0x0000000008001ea4      0x120 Drivers/STM32F4xx_HAL_Driver/Src/stm32f4xx_hal_i2c.o
                0x0000000008001ea4                HAL_I2C_Mem_Write
 .text.HAL_I2C_Mem_Read
                0x0000000008001fc4      0x218 Drivers/STM32F4xx_HAL_Driver/Src/stm32f4xx_hal_i2c.o
                0x0000000008001fc4                HAL_I2C_Mem_Read
 .text.HAL_I2C_IsDeviceReady
                0x00000000080021dc      0x150 Drivers/STM32F4xx_HAL_Driver/Src/stm32f4xx_hal_i2c.o
                0x00000000080021dc                HAL_I2C_IsDeviceReady
 .text.HAL_I2C_MasterTxCpltCallback
                0x000000000800232c        0x2 Drivers/STM32F4xx_HAL_Driver/Src/stm32f4xx_hal_i2c.o
                0x000000000800232c                HAL_I2C_MasterTxCpltCallback
 .text.HAL_I2C_MasterRxCpltCallback
                0x000000000800232e        0x2 Drivers/STM32F4xx_HAL_Driver/Src/stm32f4xx_hal_i2c.o
                0x000000000800232e                HAL_I2C_MasterRxCpltCallback
 .text.HAL_I2C_SlaveTxCpltCallback
                0x0000000008002330        0x2 Drivers/STM32F4xx_HAL_Driver/Src/stm32f4xx_hal_i2c.o
                0x0000000008002330                HAL_I2C_SlaveTxCpltCallback
 .text.HAL_I2C_SlaveRxCpltCallback
                0x0000000008002332        0x2 Drivers/STM32F4xx_HAL_Driver/Src/stm32f4xx_hal_i2c.o
                0x0000000008002332                HAL_I2C_SlaveRxCpltCallback
 .text.HAL_I2C_AddrCallback
                0x0000000008002334        0x2 Drivers/STM32F4xx_HAL_Driver/Src/stm32f4xx_hal_i2c.o
                0x0000000008002334                HAL_I2C_AddrCallback
 .text.HAL_I2C_ListenCpltCallback
                0x0000000008002336        0x2 Drivers/STM32F4xx_HAL_Driver/Src/stm32f4xx_hal_i2c.o
                0x0000000008002336                HAL_I2C_ListenCpltCallback
 .text.HAL_I2C_MemTxCpltCallback
                0x0000000008002338        0x2 Drivers/STM32F4xx_HAL_Driver/Src/stm32f4xx_hal_i2c.o
                0x0000000008002338                HAL_I2C_MemTxCpltCallback
 .text.HAL_I2C_MemRxCpltCallback
                0x000000000800233a        0x2 Drivers/STM32F4xx_HAL_Driver/Src/stm32f4xx_hal_i2c.o
                0x000000000800233a                HAL_I2C_MemRxCpltCallback
 .text.HAL_I2C_ErrorCallback
                0x000000000800233c        0x2 Drivers/STM32F4xx_HAL_Driver/Src/stm32f4xx_hal_i2c.o
                0x000000000800233c                HAL_I2C_ErrorCallback
 .text.HAL_I2C_AbortCpltCallback
                0x000000000800233e        0x2 Drivers/STM32F4xx_HAL_Driver/Src/stm32f4xx_hal_i2c.o
                0x000000000800233e                HAL_I2C_AbortCpltCallback
 .text.I2C_DMAAbort
                0x0000000008002340       0x76 Drivers/STM32F4xx_HAL_Driver/Src/stm32f4xx_hal_i2c.o
 *fill*         0x00000000080023b6        0x2 
 .text.I2C_ITError
                0x00000000080023b8      0x144 Drivers/STM32F4xx_HAL_Driver/Src/stm32f4xx_hal_i2c.o
 .text.HAL_I2C_EV_IRQHandler
                0x00000000080024fc      0x848 Drivers/STM32F4xx_HAL_Driver/Src/stm32f4xx_hal_i2c.o
                0x00000000080024fc                HAL_I2C_EV_IRQHandler
 .text.HAL_I2C_ER_IRQHandler
                0x0000000008002d44      0x12c Drivers/STM32F4xx_HAL_Driver/Src/stm32f4xx_hal_i2c.o
                0x0000000008002d44                HAL_I2C_ER_IRQHandler
 .text.HAL_RCC_OscConfig
                0x0000000008002e70      0x304 Drivers/STM32F4xx_HAL_Driver/Src/stm32f4xx_hal_rcc.o
                0x0000000008002e70                HAL_RCC_OscConfig
 .text.HAL_RCC_GetSysClockFreq
                0x0000000008003174       0x5c Drivers/STM32F4xx_HAL_Driver/Src/stm32f4xx_hal_rcc.o
                0x0000000008003174                HAL_RCC_GetSysClockFreq
 .text.HAL_RCC_ClockConfig
                0x00000000080031d0      0x134 Drivers/STM32F4xx_HAL_Driver/Src/stm32f4xx_hal_rcc.o
                0x00000000080031d0                HAL_RCC_ClockConfig
 .text.HAL_RCC_GetPCLK1Freq
                0x0000000008003304       0x20 Drivers/STM32F4xx_HAL_Driver/Src/stm32f4xx_hal_rcc.o
                0x0000000008003304                HAL_RCC_GetPCLK1Freq
 .text.HAL_RCC_GetPCLK2Freq
                0x0000000008003324       0x20 Drivers/STM32F4xx_HAL_Driver/Src/stm32f4xx_hal_rcc.o
                0x0000000008003324                HAL_RCC_GetPCLK2Freq
 .text.SD_DMATransmitCplt
                0x0000000008003344        0xe Drivers/STM32F4xx_HAL_Driver/Src/stm32f4xx_hal_sd.o
 *fill*         0x0000000008003352        0x2 
 .text.HAL_SD_ReadBlocks_DMA
                0x0000000008003354      0x114 Drivers/STM32F4xx_HAL_Driver/Src/stm32f4xx_hal_sd.o
                0x0000000008003354                HAL_SD_ReadBlocks_DMA
 .text.HAL_SD_WriteBlocks_DMA
                0x0000000008003468      0x104 Drivers/STM32F4xx_HAL_Driver/Src/stm32f4xx_hal_sd.o
                0x0000000008003468                HAL_SD_WriteBlocks_DMA
 .text.HAL_SD_ErrorCallback
                0x000000000800356c        0x2 Drivers/STM32F4xx_HAL_Driver/Src/stm32f4xx_hal_sd.o
                0x000000000800356c                HAL_SD_ErrorCallback
 .text.SD_DMAReceiveCplt
                0x000000000800356e       0x3c Drivers/STM32F4xx_HAL_Driver/Src/stm32f4xx_hal_sd.o
 .text.HAL_SD_GetCardCSD
                0x00000000080035aa      0x1be Drivers/STM32F4xx_HAL_Driver/Src/stm32f4xx_hal_sd.o
                0x00000000080035aa                HAL_SD_GetCardCSD
 .text.HAL_SD_InitCard
                0x0000000008003768      0x1dc Drivers/STM32F4xx_HAL_Driver/Src/stm32f4xx_hal_sd.o
                0x0000000008003768                HAL_SD_InitCard
 .text.HAL_SD_Init
                0x0000000008003944       0x34 Drivers/STM32F4xx_HAL_Driver/Src/stm32f4xx_hal_sd.o
                0x0000000008003944                HAL_SD_Init
 .text.HAL_SD_GetCardInfo
                0x0000000008003978       0x24 Drivers/STM32F4xx_HAL_Driver/Src/stm32f4xx_hal_sd.o
                0x0000000008003978                HAL_SD_GetCardInfo
 .text.HAL_SD_GetCardState
                0x000000000800399c       0x28 Drivers/STM32F4xx_HAL_Driver/Src/stm32f4xx_hal_sd.o
                0x000000000800399c                HAL_SD_GetCardState
 .text.SD_DMAError
                0x00000000080039c4       0x54 Drivers/STM32F4xx_HAL_Driver/Src/stm32f4xx_hal_sd.o
 .text.SD_DMATxAbort
                0x0000000008003a18       0x44 Drivers/STM32F4xx_HAL_Driver/Src/stm32f4xx_hal_sd.o
 .text.SD_DMARxAbort
                0x0000000008003a5c       0x44 Drivers/STM32F4xx_HAL_Driver/Src/stm32f4xx_hal_sd.o
 .text.HAL_SD_IRQHandler
                0x0000000008003aa0      0x1c0 Drivers/STM32F4xx_HAL_Driver/Src/stm32f4xx_hal_sd.o
                0x0000000008003aa0                HAL_SD_IRQHandler
 .text.UART_EndRxTransfer
                0x0000000008003c60       0x1a Drivers/STM32F4xx_HAL_Driver/Src/stm32f4xx_hal_uart.o
 *fill*         0x0000000008003c7a        0x2 
 .text.UART_SetConfig
                0x0000000008003c7c      0x234 Drivers/STM32F4xx_HAL_Driver/Src/stm32f4xx_hal_uart.o
 .text.HAL_UART_Init
                0x0000000008003eb0       0x5c Drivers/STM32F4xx_HAL_Driver/Src/stm32f4xx_hal_uart.o
                0x0000000008003eb0                HAL_UART_Init
 .text.HAL_UART_Transmit_IT
                0x0000000008003f0c       0x3e Drivers/STM32F4xx_HAL_Driver/Src/stm32f4xx_hal_uart.o
                0x0000000008003f0c                HAL_UART_Transmit_IT
 .text.HAL_UART_Receive_IT
                0x0000000008003f4a       0x4e Drivers/STM32F4xx_HAL_Driver/Src/stm32f4xx_hal_uart.o
                0x0000000008003f4a                HAL_UART_Receive_IT
 .text.UART_Receive_IT
                0x0000000008003f98       0x7c Drivers/STM32F4xx_HAL_Driver/Src/stm32f4xx_hal_uart.o
 .text.HAL_UART_ErrorCallback
                0x0000000008004014        0x2 Drivers/STM32F4xx_HAL_Driver/Src/stm32f4xx_hal_uart.o
                0x0000000008004014                HAL_UART_ErrorCallback
 *fill*         0x0000000008004016        0x2 
 .text.HAL_UART_IRQHandler
                0x0000000008004018      0x140 Drivers/STM32F4xx_HAL_Driver/Src/stm32f4xx_hal_uart.o
                0x0000000008004018                HAL_UART_IRQHandler
 .text.UART_DMAAbortOnError
                0x0000000008004158       0x10 Drivers/STM32F4xx_HAL_Driver/Src/stm32f4xx_hal_uart.o
 .text.SDMMC_GetCmdResp2
                0x0000000008004168       0x4c Drivers/STM32F4xx_HAL_Driver/Src/stm32f4xx_ll_sdmmc.o
 .text.SDMMC_GetCmdResp3
                0x00000000080041b4       0x40 Drivers/STM32F4xx_HAL_Driver/Src/stm32f4xx_ll_sdmmc.o
 .text.SDIO_Init
                0x00000000080041f4       0x38 Drivers/STM32F4xx_HAL_Driver/Src/stm32f4xx_ll_sdmmc.o
                0x00000000080041f4                SDIO_Init
 .text.SDIO_ReadFIFO
                0x000000000800422c        0x6 Drivers/STM32F4xx_HAL_Driver/Src/stm32f4xx_ll_sdmmc.o
                0x000000000800422c                SDIO_ReadFIFO
 .text.SDIO_WriteFIFO
                0x0000000008004232        0xa Drivers/STM32F4xx_HAL_Driver/Src/stm32f4xx_ll_sdmmc.o
                0x0000000008004232                SDIO_WriteFIFO
 .text.SDIO_PowerState_ON
                0x000000000800423c        0x8 Drivers/STM32F4xx_HAL_Driver/Src/stm32f4xx_ll_sdmmc.o
                0x000000000800423c                SDIO_PowerState_ON
 .text.SDIO_GetPowerState
                0x0000000008004244        0x8 Drivers/STM32F4xx_HAL_Driver/Src/stm32f4xx_ll_sdmmc.o
                0x0000000008004244                SDIO_GetPowerState
 .text.SDIO_SendCommand
                0x000000000800424c       0x26 Drivers/STM32F4xx_HAL_Driver/Src/stm32f4xx_ll_sdmmc.o
                0x000000000800424c                SDIO_SendCommand
 .text.SDIO_GetResponse
                0x0000000008004272       0x14 Drivers/STM32F4xx_HAL_Driver/Src/stm32f4xx_ll_sdmmc.o
                0x0000000008004272                SDIO_GetResponse
 *fill*         0x0000000008004286        0x2 
 .text.SDMMC_GetCmdResp1
                0x0000000008004288      0x120 Drivers/STM32F4xx_HAL_Driver/Src/stm32f4xx_ll_sdmmc.o
 .text.SDIO_ConfigData
                0x00000000080043a8       0x26 Drivers/STM32F4xx_HAL_Driver/Src/stm32f4xx_ll_sdmmc.o
                0x00000000080043a8                SDIO_ConfigData
 .text.SDMMC_CmdBlockLength
                0x00000000080043ce       0x30 Drivers/STM32F4xx_HAL_Driver/Src/stm32f4xx_ll_sdmmc.o
                0x00000000080043ce                SDMMC_CmdBlockLength
 .text.SDMMC_CmdReadSingleBlock
                0x00000000080043fe       0x30 Drivers/STM32F4xx_HAL_Driver/Src/stm32f4xx_ll_sdmmc.o
                0x00000000080043fe                SDMMC_CmdReadSingleBlock
 .text.SDMMC_CmdReadMultiBlock
                0x000000000800442e       0x30 Drivers/STM32F4xx_HAL_Driver/Src/stm32f4xx_ll_sdmmc.o
                0x000000000800442e                SDMMC_CmdReadMultiBlock
 .text.SDMMC_CmdWriteSingleBlock
                0x000000000800445e       0x30 Drivers/STM32F4xx_HAL_Driver/Src/stm32f4xx_ll_sdmmc.o
                0x000000000800445e                SDMMC_CmdWriteSingleBlock
 .text.SDMMC_CmdWriteMultiBlock
                0x000000000800448e       0x30 Drivers/STM32F4xx_HAL_Driver/Src/stm32f4xx_ll_sdmmc.o
                0x000000000800448e                SDMMC_CmdWriteMultiBlock
 *fill*         0x00000000080044be        0x2 
 .text.SDMMC_CmdStopTransfer
                0x00000000080044c0       0x34 Drivers/STM32F4xx_HAL_Driver/Src/stm32f4xx_ll_sdmmc.o
                0x00000000080044c0                SDMMC_CmdStopTransfer
 .text.SDMMC_CmdSelDesel
                0x00000000080044f4       0x30 Drivers/STM32F4xx_HAL_Driver/Src/stm32f4xx_ll_sdmmc.o
                0x00000000080044f4                SDMMC_CmdSelDesel
 .text.SDMMC_CmdGoIdleState
                0x0000000008004524       0x50 Drivers/STM32F4xx_HAL_Driver/Src/stm32f4xx_ll_sdmmc.o
                0x0000000008004524                SDMMC_CmdGoIdleState
 .text.SDMMC_CmdOperCond
                0x0000000008004574       0x70 Drivers/STM32F4xx_HAL_Driver/Src/stm32f4xx_ll_sdmmc.o
                0x0000000008004574                SDMMC_CmdOperCond
 .text.SDMMC_CmdAppCommand
                0x00000000080045e4       0x30 Drivers/STM32F4xx_HAL_Driver/Src/stm32f4xx_ll_sdmmc.o
                0x00000000080045e4                SDMMC_CmdAppCommand
 .text.SDMMC_CmdAppOperCommand
                0x0000000008004614       0x32 Drivers/STM32F4xx_HAL_Driver/Src/stm32f4xx_ll_sdmmc.o
                0x0000000008004614                SDMMC_CmdAppOperCommand
 .text.SDMMC_CmdSendCID
                0x0000000008004646       0x2a Drivers/STM32F4xx_HAL_Driver/Src/stm32f4xx_ll_sdmmc.o
                0x0000000008004646                SDMMC_CmdSendCID
 .text.SDMMC_CmdSendCSD
                0x0000000008004670       0x2a Drivers/STM32F4xx_HAL_Driver/Src/stm32f4xx_ll_sdmmc.o
                0x0000000008004670                SDMMC_CmdSendCSD
 *fill*         0x000000000800469a        0x2 
 .text.SDMMC_CmdSetRelAdd
                0x000000000800469c       0xa8 Drivers/STM32F4xx_HAL_Driver/Src/stm32f4xx_ll_sdmmc.o
                0x000000000800469c                SDMMC_CmdSetRelAdd
 .text.SDMMC_CmdSendStatus
                0x0000000008004744       0x30 Drivers/STM32F4xx_HAL_Driver/Src/stm32f4xx_ll_sdmmc.o
                0x0000000008004744                SDMMC_CmdSendStatus
 .text.disk_status
                0x0000000008004774       0x14 Middlewares/Third_Party/FatFs/src/diskio.o
                0x0000000008004774                disk_status
 .text.disk_initialize
                0x0000000008004788       0x20 Middlewares/Third_Party/FatFs/src/diskio.o
                0x0000000008004788                disk_initialize
 .text.disk_read
                0x00000000080047a8       0x1c Middlewares/Third_Party/FatFs/src/diskio.o
                0x00000000080047a8                disk_read
 .text.disk_write
                0x00000000080047c4       0x1c Middlewares/Third_Party/FatFs/src/diskio.o
                0x00000000080047c4                disk_write
 .text.disk_ioctl
                0x00000000080047e0       0x1c Middlewares/Third_Party/FatFs/src/diskio.o
                0x00000000080047e0                disk_ioctl
 .text.ld_dword
                0x00000000080047fc       0x10 Middlewares/Third_Party/FatFs/src/ff.o
 .text.st_dword
                0x000000000800480c       0x10 Middlewares/Third_Party/FatFs/src/ff.o
 .text.mem_set  0x000000000800481c        0xc Middlewares/Third_Party/FatFs/src/ff.o
 .text.chk_lock
                0x0000000008004828       0x5c Middlewares/Third_Party/FatFs/src/ff.o
 .text.inc_lock
                0x0000000008004884       0x78 Middlewares/Third_Party/FatFs/src/ff.o
 .text.dec_lock
                0x00000000080048fc       0x30 Middlewares/Third_Party/FatFs/src/ff.o
 .text.clust2sect
                0x000000000800492c       0x16 Middlewares/Third_Party/FatFs/src/ff.o
 .text.clmt_clust
                0x0000000008004942       0x22 Middlewares/Third_Party/FatFs/src/ff.o
 .text.get_ldnumber
                0x0000000008004964       0x30 Middlewares/Third_Party/FatFs/src/ff.o
 .text.mem_cpy.part.0
                0x0000000008004994       0x12 Middlewares/Third_Party/FatFs/src/ff.o
 .text.ld_clust.isra.1
                0x00000000080049a6       0x1c Middlewares/Third_Party/FatFs/src/ff.o
 .text.st_clust.isra.2
                0x00000000080049c2       0x18 Middlewares/Third_Party/FatFs/src/ff.o
 .text.get_fileinfo.part.3
                0x00000000080049da       0x56 Middlewares/Third_Party/FatFs/src/ff.o
 .text.sync_window.part.4
                0x0000000008004a30       0x46 Middlewares/Third_Party/FatFs/src/ff.o
 .text.sync_window
                0x0000000008004a76        0xc Middlewares/Third_Party/FatFs/src/ff.o
 .text.sync_fs  0x0000000008004a82       0x96 Middlewares/Third_Party/FatFs/src/ff.o
 .text.move_window
                0x0000000008004b18       0x36 Middlewares/Third_Party/FatFs/src/ff.o
 *fill*         0x0000000008004b4e        0x2 
 .text.check_fs
                0x0000000008004b50       0x80 Middlewares/Third_Party/FatFs/src/ff.o
 .text.put_fat  0x0000000008004bd0       0xf8 Middlewares/Third_Party/FatFs/src/ff.o
 .text.get_fat.isra.8
                0x0000000008004cc8       0xb4 Middlewares/Third_Party/FatFs/src/ff.o
 .text.dir_sdi  0x0000000008004d7c       0x84 Middlewares/Third_Party/FatFs/src/ff.o
 .text.create_chain
                0x0000000008004e00       0xb0 Middlewares/Third_Party/FatFs/src/ff.o
 .text.remove_chain
                0x0000000008004eb0       0x6c Middlewares/Third_Party/FatFs/src/ff.o
 .text.unlock_fs
                0x0000000008004f1c       0x16 Middlewares/Third_Party/FatFs/src/ff.o
 .text.validate
                0x0000000008004f32       0x4c Middlewares/Third_Party/FatFs/src/ff.o
 .text.dir_next
                0x0000000008004f7e       0xf2 Middlewares/Third_Party/FatFs/src/ff.o
 .text.follow_path
                0x0000000008005070      0x1f8 Middlewares/Third_Party/FatFs/src/ff.o
 .text.dir_register
                0x0000000008005268       0x64 Middlewares/Third_Party/FatFs/src/ff.o
 .text.find_volume
                0x00000000080052cc      0x2b4 Middlewares/Third_Party/FatFs/src/ff.o
 .text.f_mount  0x0000000008005580       0x94 Middlewares/Third_Party/FatFs/src/ff.o
                0x0000000008005580                f_mount
 .text.f_open   0x0000000008005614      0x228 Middlewares/Third_Party/FatFs/src/ff.o
                0x0000000008005614                f_open
 .text.f_write  0x000000000800583c      0x1a6 Middlewares/Third_Party/FatFs/src/ff.o
                0x000000000800583c                f_write
 .text.putc_bfd
                0x00000000080059e2       0x38 Middlewares/Third_Party/FatFs/src/ff.o
 .text.putc_flush
                0x0000000008005a1a       0x2e Middlewares/Third_Party/FatFs/src/ff.o
 .text.f_sync   0x0000000008005a48       0xa0 Middlewares/Third_Party/FatFs/src/ff.o
                0x0000000008005a48                f_sync
 .text.f_close  0x0000000008005ae8       0x32 Middlewares/Third_Party/FatFs/src/ff.o
                0x0000000008005ae8                f_close
 .text.f_chdir  0x0000000008005b1a       0x64 Middlewares/Third_Party/FatFs/src/ff.o
                0x0000000008005b1a                f_chdir
 .text.f_stat   0x0000000008005b7e       0x4c Middlewares/Third_Party/FatFs/src/ff.o
                0x0000000008005b7e                f_stat
 .text.f_mkdir  0x0000000008005bca      0x174 Middlewares/Third_Party/FatFs/src/ff.o
                0x0000000008005bca                f_mkdir
 .text.f_putc   0x0000000008005d3e       0x20 Middlewares/Third_Party/FatFs/src/ff.o
                0x0000000008005d3e                f_putc
 .text.f_puts   0x0000000008005d5e       0x24 Middlewares/Third_Party/FatFs/src/ff.o
                0x0000000008005d5e                f_puts
 .text.f_printf
                0x0000000008005d82      0x1f2 Middlewares/Third_Party/FatFs/src/ff.o
                0x0000000008005d82                f_printf
 .text.FATFS_LinkDriverEx
                0x0000000008005f74       0x44 Middlewares/Third_Party/FatFs/src/ff_gen_drv.o
                0x0000000008005f74                FATFS_LinkDriverEx
 .text.FATFS_LinkDriver
                0x0000000008005fb8        0x6 Middlewares/Third_Party/FatFs/src/ff_gen_drv.o
                0x0000000008005fb8                FATFS_LinkDriver
 .text.ff_cre_syncobj
                0x0000000008005fbe       0x1e Middlewares/Third_Party/FatFs/src/option/syscall.o
                0x0000000008005fbe                ff_cre_syncobj
 .text.ff_del_syncobj
                0x0000000008005fdc        0xa Middlewares/Third_Party/FatFs/src/option/syscall.o
                0x0000000008005fdc                ff_del_syncobj
 .text.ff_req_grant
                0x0000000008005fe6       0x12 Middlewares/Third_Party/FatFs/src/option/syscall.o
                0x0000000008005fe6                ff_req_grant
 .text.ff_rel_grant
                0x0000000008005ff8        0x4 Middlewares/Third_Party/FatFs/src/option/syscall.o
                0x0000000008005ff8                ff_rel_grant
 .text.osKernelStart
                0x0000000008005ffc        0xa Middlewares/Third_Party/FreeRTOS/Source/CMSIS_RTOS/cmsis_os.o
                0x0000000008005ffc                osKernelStart
 .text.osKernelRunning
                0x0000000008006006       0x10 Middlewares/Third_Party/FreeRTOS/Source/CMSIS_RTOS/cmsis_os.o
                0x0000000008006006                osKernelRunning
 .text.osKernelSysTick
                0x0000000008006016        0xe Middlewares/Third_Party/FreeRTOS/Source/CMSIS_RTOS/cmsis_os.o
                0x0000000008006016                osKernelSysTick
 .text.osThreadCreate
                0x0000000008006024       0x50 Middlewares/Third_Party/FreeRTOS/Source/CMSIS_RTOS/cmsis_os.o
                0x0000000008006024                osThreadCreate
 .text.osDelay  0x0000000008006074       0x10 Middlewares/Third_Party/FreeRTOS/Source/CMSIS_RTOS/cmsis_os.o
                0x0000000008006074                osDelay
 .text.osSemaphoreCreate
                0x0000000008006084       0x4c Middlewares/Third_Party/FreeRTOS/Source/CMSIS_RTOS/cmsis_os.o
                0x0000000008006084                osSemaphoreCreate
 .text.osSemaphoreWait
                0x00000000080060d0       0x4c Middlewares/Third_Party/FreeRTOS/Source/CMSIS_RTOS/cmsis_os.o
                0x00000000080060d0                osSemaphoreWait
 .text.osSemaphoreRelease
                0x000000000800611c       0x48 Middlewares/Third_Party/FreeRTOS/Source/CMSIS_RTOS/cmsis_os.o
                0x000000000800611c                osSemaphoreRelease
 .text.osMessageCreate
                0x0000000008006164       0x28 Middlewares/Third_Party/FreeRTOS/Source/CMSIS_RTOS/cmsis_os.o
                0x0000000008006164                osMessageCreate
 .text.osMessagePut
                0x000000000800618c       0x50 Middlewares/Third_Party/FreeRTOS/Source/CMSIS_RTOS/cmsis_os.o
                0x000000000800618c                osMessagePut
 .text.osMessageGet
                0x00000000080061dc       0x74 Middlewares/Third_Party/FreeRTOS/Source/CMSIS_RTOS/cmsis_os.o
                0x00000000080061dc                osMessageGet
 .text.osSystickHandler
                0x0000000008006250       0x14 Middlewares/Third_Party/FreeRTOS/Source/CMSIS_RTOS/cmsis_os.o
                0x0000000008006250                osSystickHandler
 .text.osMessageDelete
                0x0000000008006264       0x14 Middlewares/Third_Party/FreeRTOS/Source/CMSIS_RTOS/cmsis_os.o
                0x0000000008006264                osMessageDelete
 .text.osSemaphoreDelete
                0x0000000008006278        0x4 Middlewares/Third_Party/FreeRTOS/Source/CMSIS_RTOS/cmsis_os.o
                0x0000000008006278                osSemaphoreDelete
 .text.vListInitialise
                0x000000000800627c       0x16 Middlewares/Third_Party/FreeRTOS/Source/list.o
                0x000000000800627c                vListInitialise
 .text.vListInitialiseItem
                0x0000000008006292        0x6 Middlewares/Third_Party/FreeRTOS/Source/list.o
                0x0000000008006292                vListInitialiseItem
 .text.vListInsertEnd
                0x0000000008006298       0x18 Middlewares/Third_Party/FreeRTOS/Source/list.o
                0x0000000008006298                vListInsertEnd
 .text.vListInsert
                0x00000000080062b0       0x2e Middlewares/Third_Party/FreeRTOS/Source/list.o
                0x00000000080062b0                vListInsert
 .text.uxListRemove
                0x00000000080062de       0x22 Middlewares/Third_Party/FreeRTOS/Source/list.o
                0x00000000080062de                uxListRemove
 .text.prvTaskExitError
                0x0000000008006300       0x40 Middlewares/Third_Party/FreeRTOS/Source/portable/GCC/ARM_CM4F/port.o
 .text.unlikely.prvPortStartFirstTask
                0x0000000008006340       0x28 Middlewares/Third_Party/FreeRTOS/Source/portable/GCC/ARM_CM4F/port.o
 .text.unlikely.vPortEnableVFP
                0x0000000008006368       0x14 Middlewares/Third_Party/FreeRTOS/Source/portable/GCC/ARM_CM4F/port.o
 .text.pxPortInitialiseStack
                0x000000000800637c       0x2c Middlewares/Third_Party/FreeRTOS/Source/portable/GCC/ARM_CM4F/port.o
                0x000000000800637c                pxPortInitialiseStack
 *fill*         0x00000000080063a8        0x8 
 .text.SVC_Handler
                0x00000000080063b0       0x24 Middlewares/Third_Party/FreeRTOS/Source/portable/GCC/ARM_CM4F/port.o
                0x00000000080063b0                SVC_Handler
 .text.vPortEnterCritical
                0x00000000080063d4       0x44 Middlewares/Third_Party/FreeRTOS/Source/portable/GCC/ARM_CM4F/port.o
                0x00000000080063d4                vPortEnterCritical
 .text.vPortExitCritical
                0x0000000008006418       0x28 Middlewares/Third_Party/FreeRTOS/Source/portable/GCC/ARM_CM4F/port.o
                0x0000000008006418                vPortExitCritical
 .text.PendSV_Handler
                0x0000000008006440       0x64 Middlewares/Third_Party/FreeRTOS/Source/portable/GCC/ARM_CM4F/port.o
                0x0000000008006440                PendSV_Handler
 .text.xPortSysTickHandler
                0x00000000080064a4       0x2c Middlewares/Third_Party/FreeRTOS/Source/portable/GCC/ARM_CM4F/port.o
                0x00000000080064a4                xPortSysTickHandler
 .text.vPortSetupTimerInterrupt
                0x00000000080064d0       0x34 Middlewares/Third_Party/FreeRTOS/Source/portable/GCC/ARM_CM4F/port.o
                0x00000000080064d0                vPortSetupTimerInterrupt
 .text.xPortStartScheduler
                0x0000000008006504      0x10c Middlewares/Third_Party/FreeRTOS/Source/portable/GCC/ARM_CM4F/port.o
                0x0000000008006504                xPortStartScheduler
 .text.vPortValidateInterruptPriority
                0x0000000008006610       0x5c Middlewares/Third_Party/FreeRTOS/Source/portable/GCC/ARM_CM4F/port.o
                0x0000000008006610                vPortValidateInterruptPriority
 .text.unlikely.prvInsertBlockIntoFreeList
                0x000000000800666c       0x48 Middlewares/Third_Party/FreeRTOS/Source/portable/MemMang/heap_4.o
 .text.pvPortMalloc
                0x00000000080066b4      0x11c Middlewares/Third_Party/FreeRTOS/Source/portable/MemMang/heap_4.o
                0x00000000080066b4                pvPortMalloc
 .text.vPortFree
                0x00000000080067d0       0x70 Middlewares/Third_Party/FreeRTOS/Source/portable/MemMang/heap_4.o
                0x00000000080067d0                vPortFree
 .text.prvIsQueueEmpty
                0x0000000008006840       0x16 Middlewares/Third_Party/FreeRTOS/Source/queue.o
 .text.unlikely.prvCopyDataToQueue
                0x0000000008006856       0x66 Middlewares/Third_Party/FreeRTOS/Source/queue.o
 .text.unlikely.prvCopyDataFromQueue
                0x00000000080068bc       0x2a Middlewares/Third_Party/FreeRTOS/Source/queue.o
 .text.prvUnlockQueue
                0x00000000080068e6       0x70 Middlewares/Third_Party/FreeRTOS/Source/queue.o
 *fill*         0x0000000008006956        0x2 
 .text.xQueueGenericReset
                0x0000000008006958       0x80 Middlewares/Third_Party/FreeRTOS/Source/queue.o
                0x0000000008006958                xQueueGenericReset
 .text.xQueueGenericCreateStatic
                0x00000000080069d8       0x92 Middlewares/Third_Party/FreeRTOS/Source/queue.o
                0x00000000080069d8                xQueueGenericCreateStatic
 .text.xQueueGenericCreate
                0x0000000008006a6a       0x48 Middlewares/Third_Party/FreeRTOS/Source/queue.o
                0x0000000008006a6a                xQueueGenericCreate
 *fill*         0x0000000008006ab2        0x2 
 .text.xQueueGenericSend
                0x0000000008006ab4      0x16c Middlewares/Third_Party/FreeRTOS/Source/queue.o
                0x0000000008006ab4                xQueueGenericSend
 .text.xQueueGenericSendFromISR
                0x0000000008006c20       0xc4 Middlewares/Third_Party/FreeRTOS/Source/queue.o
                0x0000000008006c20                xQueueGenericSendFromISR
 .text.xQueueGiveFromISR
                0x0000000008006ce4       0xa8 Middlewares/Third_Party/FreeRTOS/Source/queue.o
                0x0000000008006ce4                xQueueGiveFromISR
 .text.xQueueReceive
                0x0000000008006d8c      0x148 Middlewares/Third_Party/FreeRTOS/Source/queue.o
                0x0000000008006d8c                xQueueReceive
 .text.xQueueSemaphoreTake
                0x0000000008006ed4      0x180 Middlewares/Third_Party/FreeRTOS/Source/queue.o
                0x0000000008006ed4                xQueueSemaphoreTake
 .text.xQueueReceiveFromISR
                0x0000000008007054       0xa0 Middlewares/Third_Party/FreeRTOS/Source/queue.o
                0x0000000008007054                xQueueReceiveFromISR
 .text.uxQueueMessagesWaiting
                0x00000000080070f4       0x26 Middlewares/Third_Party/FreeRTOS/Source/queue.o
                0x00000000080070f4                uxQueueMessagesWaiting
 .text.uxQueueMessagesWaitingFromISR
                0x000000000800711a       0x18 Middlewares/Third_Party/FreeRTOS/Source/queue.o
                0x000000000800711a                uxQueueMessagesWaitingFromISR
 *fill*         0x0000000008007132        0x2 
 .text.vQueueUnregisterQueue
                0x0000000008007134       0x28 Middlewares/Third_Party/FreeRTOS/Source/queue.o
                0x0000000008007134                vQueueUnregisterQueue
 .text.vQueueDelete
                0x000000000800715c       0x2e Middlewares/Third_Party/FreeRTOS/Source/queue.o
                0x000000000800715c                vQueueDelete
 *fill*         0x000000000800718a        0x2 
 .text.prvAddNewTaskToReadyList
                0x000000000800718c       0xf8 Middlewares/Third_Party/FreeRTOS/Source/tasks.o
 .text.prvResetNextTaskUnblockTime
                0x0000000008007284       0x24 Middlewares/Third_Party/FreeRTOS/Source/tasks.o
 .text.prvInitialiseNewTask.isra.2
                0x00000000080072a8       0x82 Middlewares/Third_Party/FreeRTOS/Source/tasks.o
 .text.prvDeleteTCB
                0x000000000800732a       0x36 Middlewares/Third_Party/FreeRTOS/Source/tasks.o
 .text.prvIdleTask
                0x0000000008007360       0x64 Middlewares/Third_Party/FreeRTOS/Source/tasks.o
 .text.prvAddCurrentTaskToDelayedList
                0x00000000080073c4       0x8c Middlewares/Third_Party/FreeRTOS/Source/tasks.o
 .text.xTaskCreateStatic
                0x0000000008007450       0x6e Middlewares/Third_Party/FreeRTOS/Source/tasks.o
                0x0000000008007450                xTaskCreateStatic
 .text.xTaskCreate
                0x00000000080074be       0x5a Middlewares/Third_Party/FreeRTOS/Source/tasks.o
                0x00000000080074be                xTaskCreate
 .text.vTaskStartScheduler
                0x0000000008007518       0x6c Middlewares/Third_Party/FreeRTOS/Source/tasks.o
                0x0000000008007518                vTaskStartScheduler
 .text.vTaskSuspendAll
                0x0000000008007584       0x10 Middlewares/Third_Party/FreeRTOS/Source/tasks.o
                0x0000000008007584                vTaskSuspendAll
 .text.xTaskGetTickCount
                0x0000000008007594        0xc Middlewares/Third_Party/FreeRTOS/Source/tasks.o
                0x0000000008007594                xTaskGetTickCount
 .text.xTaskGetTickCountFromISR
                0x00000000080075a0       0x10 Middlewares/Third_Party/FreeRTOS/Source/tasks.o
                0x00000000080075a0                xTaskGetTickCountFromISR
 .text.xTaskIncrementTick
                0x00000000080075b0      0x124 Middlewares/Third_Party/FreeRTOS/Source/tasks.o
                0x00000000080075b0                xTaskIncrementTick
 .text.xTaskResumeAll
                0x00000000080076d4       0xf0 Middlewares/Third_Party/FreeRTOS/Source/tasks.o
                0x00000000080076d4                xTaskResumeAll
 .text.vTaskDelay
                0x00000000080077c4       0x48 Middlewares/Third_Party/FreeRTOS/Source/tasks.o
                0x00000000080077c4                vTaskDelay
 .text.vTaskSwitchContext
                0x000000000800780c       0x74 Middlewares/Third_Party/FreeRTOS/Source/tasks.o
                0x000000000800780c                vTaskSwitchContext
 .text.vTaskPlaceOnEventList
                0x0000000008007880       0x34 Middlewares/Third_Party/FreeRTOS/Source/tasks.o
                0x0000000008007880                vTaskPlaceOnEventList
 .text.xTaskRemoveFromEventList
                0x00000000080078b4       0x84 Middlewares/Third_Party/FreeRTOS/Source/tasks.o
                0x00000000080078b4                xTaskRemoveFromEventList
 .text.vTaskInternalSetTimeOutState
                0x0000000008007938       0x18 Middlewares/Third_Party/FreeRTOS/Source/tasks.o
                0x0000000008007938                vTaskInternalSetTimeOutState
 .text.xTaskCheckForTimeOut
                0x0000000008007950       0x78 Middlewares/Third_Party/FreeRTOS/Source/tasks.o
                0x0000000008007950                xTaskCheckForTimeOut
 .text.vTaskMissedYield
                0x00000000080079c8        0xc Middlewares/Third_Party/FreeRTOS/Source/tasks.o
                0x00000000080079c8                vTaskMissedYield
 .text.xTaskGetSchedulerState
                0x00000000080079d4       0x20 Middlewares/Third_Party/FreeRTOS/Source/tasks.o
                0x00000000080079d4                xTaskGetSchedulerState
 .text.xTaskPriorityInherit
                0x00000000080079f4       0xa8 Middlewares/Third_Party/FreeRTOS/Source/tasks.o
                0x00000000080079f4                xTaskPriorityInherit
 .text.xTaskPriorityDisinherit
                0x0000000008007a9c       0xa0 Middlewares/Third_Party/FreeRTOS/Source/tasks.o
                0x0000000008007a9c                xTaskPriorityDisinherit
 .text.vTaskPriorityDisinheritAfterTimeout
                0x0000000008007b3c       0xb4 Middlewares/Third_Party/FreeRTOS/Source/tasks.o
                0x0000000008007b3c                vTaskPriorityDisinheritAfterTimeout
 .text.pvTaskIncrementMutexHeldCount
                0x0000000008007bf0       0x18 Middlewares/Third_Party/FreeRTOS/Source/tasks.o
                0x0000000008007bf0                pvTaskIncrementMutexHeldCount
 .text.BSP_SD_Init
                0x0000000008007c08       0x20 Src/bsp_driver_sd.o
                0x0000000008007c08                BSP_SD_Init
 .text.BSP_SD_ReadBlocks_DMA
                0x0000000008007c28       0x1c Src/bsp_driver_sd.o
                0x0000000008007c28                BSP_SD_ReadBlocks_DMA
 .text.BSP_SD_WriteBlocks_DMA
                0x0000000008007c44       0x1c Src/bsp_driver_sd.o
                0x0000000008007c44                BSP_SD_WriteBlocks_DMA
 .text.BSP_SD_GetCardState
                0x0000000008007c60       0x14 Src/bsp_driver_sd.o
                0x0000000008007c60                BSP_SD_GetCardState
 .text.BSP_SD_GetCardInfo
                0x0000000008007c74        0xc Src/bsp_driver_sd.o
                0x0000000008007c74                BSP_SD_GetCardInfo
 .text.BSP_SD_AbortCallback
                0x0000000008007c80        0x2 Src/bsp_driver_sd.o
                0x0000000008007c80                BSP_SD_AbortCallback
 .text.HAL_SD_AbortCallback
                0x0000000008007c82        0x8 Src/bsp_driver_sd.o
                0x0000000008007c82                HAL_SD_AbortCallback
 .text.HAL_SD_TxCpltCallback
                0x0000000008007c8a        0x8 Src/bsp_driver_sd.o
                0x0000000008007c8a                HAL_SD_TxCpltCallback
 .text.HAL_SD_RxCpltCallback
                0x0000000008007c92        0x8 Src/bsp_driver_sd.o
                0x0000000008007c92                HAL_SD_RxCpltCallback
 *fill*         0x0000000008007c9a        0x2 
 .text.MX_FATFS_Init
                0x0000000008007c9c       0x1c Src/fatfs.o
                0x0000000008007c9c                MX_FATFS_Init
 .text.get_fattime
                0x0000000008007cb8        0x4 Src/fatfs.o
                0x0000000008007cb8                get_fattime
 .text.vApplicationGetIdleTaskMemory
                0x0000000008007cbc       0x18 Src/freertos.o
                0x0000000008007cbc                vApplicationGetIdleTaskMemory
 .text.swo_printf
                0x0000000008007cd4       0x4e Src/main.o
                0x0000000008007cd4                swo_printf
 *fill*         0x0000000008007d22        0x2 
 .text.StartLoggingTask
                0x0000000008007d24      0x54c Src/main.o
                0x0000000008007d24                StartLoggingTask
 .text.StartSensorTask
                0x0000000008008270      0x564 Src/main.o
                0x0000000008008270                StartSensorTask
 *fill*         0x00000000080087d4        0x4 
 .text.StartMonitorTask
                0x00000000080087d8      0xb90 Src/main.o
                0x00000000080087d8                StartMonitorTask
 .text.startMessageHandler
                0x0000000008009368      0x278 Src/main.o
                0x0000000008009368                startMessageHandler
 .text.HAL_UART_TxCpltCallback
                0x00000000080095e0       0x84 Src/main.o
                0x00000000080095e0                HAL_UART_TxCpltCallback
 .text.HAL_UART_RxCpltCallback
                0x0000000008009664       0x5c Src/main.o
                0x0000000008009664                HAL_UART_RxCpltCallback
 .text.SystemClock_Config
                0x00000000080096c0       0x98 Src/main.o
                0x00000000080096c0                SystemClock_Config
 .text.startup.main
                0x0000000008009758      0x55c Src/main.o
                0x0000000008009758                main
 .text.Error_Handler
                0x0000000008009cb4        0x2 Src/main.o
                0x0000000008009cb4                Error_Handler
 *fill*         0x0000000008009cb6        0x2 
 .text.SD_CheckStatus.isra.0
                0x0000000008009cb8       0x20 Src/sd_diskio.o
 .text.SD_initialize
                0x0000000008009cd8       0x4c Src/sd_diskio.o
                0x0000000008009cd8                SD_initialize
 .text.SD_status
                0x0000000008009d24        0x4 Src/sd_diskio.o
                0x0000000008009d24                SD_status
 .text.SD_ioctl
                0x0000000008009d28       0x50 Src/sd_diskio.o
                0x0000000008009d28                SD_ioctl
 .text.SD_CheckStatusWithTimeout.constprop.2
                0x0000000008009d78       0x26 Src/sd_diskio.o
 *fill*         0x0000000008009d9e        0x2 
 .text.SD_write
                0x0000000008009da0       0xbc Src/sd_diskio.o
                0x0000000008009da0                SD_write
 .text.SD_read  0x0000000008009e5c       0xa8 Src/sd_diskio.o
                0x0000000008009e5c                SD_read
 .text.BSP_SD_WriteCpltCallback
                0x0000000008009f04       0x14 Src/sd_diskio.o
                0x0000000008009f04                BSP_SD_WriteCpltCallback
 .text.BSP_SD_ReadCpltCallback
                0x0000000008009f18       0x14 Src/sd_diskio.o
                0x0000000008009f18                BSP_SD_ReadCpltCallback
 .text.HAL_MspInit
                0x0000000008009f2c       0x44 Src/stm32f4xx_hal_msp.o
                0x0000000008009f2c                HAL_MspInit
 .text.HAL_ADC_MspInit
                0x0000000008009f70       0x64 Src/stm32f4xx_hal_msp.o
                0x0000000008009f70                HAL_ADC_MspInit
 .text.HAL_I2C_MspInit
                0x0000000008009fd4      0x108 Src/stm32f4xx_hal_msp.o
                0x0000000008009fd4                HAL_I2C_MspInit
 .text.HAL_SD_MspInit
                0x000000000800a0dc      0x188 Src/stm32f4xx_hal_msp.o
                0x000000000800a0dc                HAL_SD_MspInit
 .text.HAL_UART_MspInit
                0x000000000800a264      0x250 Src/stm32f4xx_hal_msp.o
                0x000000000800a264                HAL_UART_MspInit
 .text.NMI_Handler
                0x000000000800a4b4        0x2 Src/stm32f4xx_it.o
                0x000000000800a4b4                NMI_Handler
 .text.HardFault_Handler
                0x000000000800a4b6        0x2 Src/stm32f4xx_it.o
                0x000000000800a4b6                HardFault_Handler
 .text.MemManage_Handler
                0x000000000800a4b8        0x2 Src/stm32f4xx_it.o
                0x000000000800a4b8                MemManage_Handler
 .text.BusFault_Handler
                0x000000000800a4ba        0x2 Src/stm32f4xx_it.o
                0x000000000800a4ba                BusFault_Handler
 .text.UsageFault_Handler
                0x000000000800a4bc        0x2 Src/stm32f4xx_it.o
                0x000000000800a4bc                UsageFault_Handler
 .text.DebugMon_Handler
                0x000000000800a4be        0x2 Src/stm32f4xx_it.o
                0x000000000800a4be                DebugMon_Handler
 .text.SysTick_Handler
                0x000000000800a4c0        0xe Src/stm32f4xx_it.o
                0x000000000800a4c0                SysTick_Handler
 *fill*         0x000000000800a4ce        0x2 
 .text.I2C2_EV_IRQHandler
                0x000000000800a4d0        0xc Src/stm32f4xx_it.o
                0x000000000800a4d0                I2C2_EV_IRQHandler
 .text.I2C2_ER_IRQHandler
                0x000000000800a4dc        0xc Src/stm32f4xx_it.o
                0x000000000800a4dc                I2C2_ER_IRQHandler
 .text.USART1_IRQHandler
                0x000000000800a4e8        0xc Src/stm32f4xx_it.o
                0x000000000800a4e8                USART1_IRQHandler
 .text.USART2_IRQHandler
                0x000000000800a4f4        0xc Src/stm32f4xx_it.o
                0x000000000800a4f4                USART2_IRQHandler
 .text.USART3_IRQHandler
                0x000000000800a500        0xc Src/stm32f4xx_it.o
                0x000000000800a500                USART3_IRQHandler
 .text.SDIO_IRQHandler
                0x000000000800a50c        0xc Src/stm32f4xx_it.o
                0x000000000800a50c                SDIO_IRQHandler
 .text.UART4_IRQHandler
                0x000000000800a518        0xc Src/stm32f4xx_it.o
                0x000000000800a518                UART4_IRQHandler
 .text.DMA2_Stream3_IRQHandler
                0x000000000800a524        0xc Src/stm32f4xx_it.o
                0x000000000800a524                DMA2_Stream3_IRQHandler
 .text.DMA2_Stream6_IRQHandler
                0x000000000800a530        0xc Src/stm32f4xx_it.o
                0x000000000800a530                DMA2_Stream6_IRQHandler
 .text.USART6_IRQHandler
                0x000000000800a53c        0xc Src/stm32f4xx_it.o
                0x000000000800a53c                USART6_IRQHandler
 .text.I2C3_EV_IRQHandler
                0x000000000800a548        0xc Src/stm32f4xx_it.o
                0x000000000800a548                I2C3_EV_IRQHandler
 .text.I2C3_ER_IRQHandler
                0x000000000800a554        0xc Src/stm32f4xx_it.o
                0x000000000800a554                I2C3_ER_IRQHandler
 .text._sbrk    0x000000000800a560       0x34 Src/syscalls.o
                0x000000000800a560                _sbrk
 .text.SystemInit
                0x000000000800a594       0x4c Src/system_stm32f4xx.o
                0x000000000800a594                SystemInit
 .text.cobs_encode
                0x000000000800a5e0       0x3c common/cobs.o
                0x000000000800a5e0                cobs_encode
 .text.cobs_decode
                0x000000000800a61c       0x36 common/cobs.o
                0x000000000800a61c                cobs_decode
 .text.crc16_update
                0x000000000800a652       0x1c common/crc16.o
                0x000000000800a652                crc16_update
 .text.crc16_block
                0x000000000800a66e       0x1a common/crc16.o
                0x000000000800a66e                crc16_block
 .text.ms56xx_prom_crc
                0x000000000800a688       0x40 common/ms56xx.o
                0x000000000800a688                ms56xx_prom_crc
 .text.ms56xx_check_prom_crc
                0x000000000800a6c8       0x16 common/ms56xx.o
                0x000000000800a6c8                ms56xx_check_prom_crc
 .text.ms56xx_convert_2
                0x000000000800a6de      0x126 common/ms56xx.o
                0x000000000800a6de                ms56xx_convert_2
 .text.Reset_Handler
                0x000000000800a804       0x50 startup/startup_stm32f407xx.o
                0x000000000800a804                Reset_Handler
 .text.Default_Handler
                0x000000000800a854        0x2 startup/startup_stm32f407xx.o
                0x000000000800a854                RTC_Alarm_IRQHandler
                0x000000000800a854                HASH_RNG_IRQHandler
                0x000000000800a854                EXTI2_IRQHandler
                0x000000000800a854                TIM8_CC_IRQHandler
                0x000000000800a854                TIM1_CC_IRQHandler
                0x000000000800a854                DMA2_Stream5_IRQHandler
                0x000000000800a854                DMA1_Stream5_IRQHandler
                0x000000000800a854                PVD_IRQHandler
                0x000000000800a854                TAMP_STAMP_IRQHandler
                0x000000000800a854                CAN2_RX1_IRQHandler
                0x000000000800a854                EXTI3_IRQHandler
                0x000000000800a854                TIM8_TRG_COM_TIM14_IRQHandler
                0x000000000800a854                TIM1_UP_TIM10_IRQHandler
                0x000000000800a854                TIM8_UP_TIM13_IRQHandler
                0x000000000800a854                EXTI0_IRQHandler
                0x000000000800a854                DMA1_Stream2_IRQHandler
                0x000000000800a854                CAN1_RX0_IRQHandler
                0x000000000800a854                FPU_IRQHandler
                0x000000000800a854                OTG_HS_WKUP_IRQHandler
                0x000000000800a854                CAN2_SCE_IRQHandler
                0x000000000800a854                DMA2_Stream2_IRQHandler
                0x000000000800a854                SPI1_IRQHandler
                0x000000000800a854                TIM6_DAC_IRQHandler
                0x000000000800a854                TIM1_BRK_TIM9_IRQHandler
                0x000000000800a854                DCMI_IRQHandler
                0x000000000800a854                CAN2_RX0_IRQHandler
                0x000000000800a854                CAN1_RX1_IRQHandler
                0x000000000800a854                UART5_IRQHandler
                0x000000000800a854                DMA2_Stream0_IRQHandler
                0x000000000800a854                TIM4_IRQHandler
                0x000000000800a854                I2C1_EV_IRQHandler
                0x000000000800a854                DMA1_Stream6_IRQHandler
                0x000000000800a854                DMA1_Stream1_IRQHandler
                0x000000000800a854                TIM3_IRQHandler
                0x000000000800a854                RCC_IRQHandler
                0x000000000800a854                TIM8_BRK_TIM12_IRQHandler
                0x000000000800a854                Default_Handler
                0x000000000800a854                EXTI15_10_IRQHandler
                0x000000000800a854                ADC_IRQHandler
                0x000000000800a854                DMA1_Stream7_IRQHandler
                0x000000000800a854                TIM7_IRQHandler
                0x000000000800a854                CAN2_TX_IRQHandler
                0x000000000800a854                TIM5_IRQHandler
                0x000000000800a854                DMA2_Stream7_IRQHandler
                0x000000000800a854                EXTI9_5_IRQHandler
                0x000000000800a854                RTC_WKUP_IRQHandler
                0x000000000800a854                ETH_WKUP_IRQHandler
                0x000000000800a854                SPI2_IRQHandler
                0x000000000800a854                OTG_HS_EP1_IN_IRQHandler
                0x000000000800a854                DMA1_Stream0_IRQHandler
                0x000000000800a854                CAN1_TX_IRQHandler
                0x000000000800a854                EXTI4_IRQHandler
                0x000000000800a854                FSMC_IRQHandler
                0x000000000800a854                ETH_IRQHandler
                0x000000000800a854                OTG_HS_EP1_OUT_IRQHandler
                0x000000000800a854                WWDG_IRQHandler
                0x000000000800a854                TIM2_IRQHandler
                0x000000000800a854                OTG_FS_WKUP_IRQHandler
                0x000000000800a854                TIM1_TRG_COM_TIM11_IRQHandler
                0x000000000800a854                OTG_HS_IRQHandler
                0x000000000800a854                EXTI1_IRQHandler
                0x000000000800a854                DMA2_Stream1_IRQHandler
                0x000000000800a854                CAN1_SCE_IRQHandler
                0x000000000800a854                FLASH_IRQHandler
                0x000000000800a854                DMA2_Stream4_IRQHandler
                0x000000000800a854                OTG_FS_IRQHandler
                0x000000000800a854                SPI3_IRQHandler
                0x000000000800a854                DMA1_Stream4_IRQHandler
                0x000000000800a854                I2C1_ER_IRQHandler
                0x000000000800a854                DMA1_Stream3_IRQHandler
 *fill*         0x000000000800a856        0x2 
 .text.__errno  0x000000000800a858        0xc /opt/truestudio/ARMTools/bin/../lib/gcc/arm-atollic-eabi/6.3.1/../../../../arm-atollic-eabi/lib/armv7e-m/fpu/libc_nano.a(lib_a-errno.o)
                0x000000000800a858                __errno
 .text.__libc_init_array
                0x000000000800a864       0x48 /opt/truestudio/ARMTools/bin/../lib/gcc/arm-atollic-eabi/6.3.1/../../../../arm-atollic-eabi/lib/armv7e-m/fpu/libc_nano.a(lib_a-init.o)
                0x000000000800a864                __libc_init_array
 .text.memcpy   0x000000000800a8ac       0x16 /opt/truestudio/ARMTools/bin/../lib/gcc/arm-atollic-eabi/6.3.1/../../../../arm-atollic-eabi/lib/armv7e-m/fpu/libc_nano.a(lib_a-memcpy-stub.o)
                0x000000000800a8ac                memcpy
 .text.memset   0x000000000800a8c2       0x10 /opt/truestudio/ARMTools/bin/../lib/gcc/arm-atollic-eabi/6.3.1/../../../../arm-atollic-eabi/lib/armv7e-m/fpu/libc_nano.a(lib_a-memset.o)
                0x000000000800a8c2                memset
 *fill*         0x000000000800a8d2        0x2 
 .text.sprintf  0x000000000800a8d4       0x48 /opt/truestudio/ARMTools/bin/../lib/gcc/arm-atollic-eabi/6.3.1/../../../../arm-atollic-eabi/lib/armv7e-m/fpu/libc_nano.a(lib_a-sprintf.o)
                0x000000000800a8d4                sprintf
                0x000000000800a8d4                siprintf
 .text._vsnprintf_r
                0x000000000800a91c       0x58 /opt/truestudio/ARMTools/bin/../lib/gcc/arm-atollic-eabi/6.3.1/../../../../arm-atollic-eabi/lib/armv7e-m/fpu/libc_nano.a(lib_a-vsnprintf.o)
                0x000000000800a91c                _vsnprintf_r
                0x000000000800a91c                _vsniprintf_r
 .text.vsnprintf
                0x000000000800a974       0x1c /opt/truestudio/ARMTools/bin/../lib/gcc/arm-atollic-eabi/6.3.1/../../../../arm-atollic-eabi/lib/armv7e-m/fpu/libc_nano.a(lib_a-vsnprintf.o)
                0x000000000800a974                vsnprintf
                0x000000000800a974                vsniprintf
 .text.__ssputs_r
                0x000000000800a990       0xb6 /opt/truestudio/ARMTools/bin/../lib/gcc/arm-atollic-eabi/6.3.1/../../../../arm-atollic-eabi/lib/armv7e-m/fpu/libc_nano.a(lib_a-nano-svfprintf.o)
                0x000000000800a990                __ssputs_r
 *fill*         0x000000000800aa46        0x2 
 .text._svfprintf_r
                0x000000000800aa48      0x1e8 /opt/truestudio/ARMTools/bin/../lib/gcc/arm-atollic-eabi/6.3.1/../../../../arm-atollic-eabi/lib/armv7e-m/fpu/libc_nano.a(lib_a-nano-svfprintf.o)
                0x000000000800aa48                _svfprintf_r
                0x000000000800aa48                _svfiprintf_r
 .text._printf_common
                0x000000000800ac30       0xec /opt/truestudio/ARMTools/bin/../lib/gcc/arm-atollic-eabi/6.3.1/../../../../arm-atollic-eabi/lib/armv7e-m/fpu/libc_nano.a(lib_a-nano-vfprintf_i.o)
                0x000000000800ac30                _printf_common
 .text._printf_i
                0x000000000800ad1c      0x240 /opt/truestudio/ARMTools/bin/../lib/gcc/arm-atollic-eabi/6.3.1/../../../../arm-atollic-eabi/lib/armv7e-m/fpu/libc_nano.a(lib_a-nano-vfprintf_i.o)
                0x000000000800ad1c                _printf_i
 .text.memmove  0x000000000800af5c       0x34 /opt/truestudio/ARMTools/bin/../lib/gcc/arm-atollic-eabi/6.3.1/../../../../arm-atollic-eabi/lib/armv7e-m/fpu/libc_nano.a(lib_a-memmove.o)
                0x000000000800af5c                memmove
 .text._free_r  0x000000000800af90       0x9c /opt/truestudio/ARMTools/bin/../lib/gcc/arm-atollic-eabi/6.3.1/../../../../arm-atollic-eabi/lib/armv7e-m/fpu/libc_nano.a(lib_a-nano-freer.o)
                0x000000000800af90                _free_r
 .text._malloc_r
                0x000000000800b02c       0xbc /opt/truestudio/ARMTools/bin/../lib/gcc/arm-atollic-eabi/6.3.1/../../../../arm-atollic-eabi/lib/armv7e-m/fpu/libc_nano.a(lib_a-nano-mallocr.o)
                0x000000000800b02c                _malloc_r
 .text._realloc_r
                0x000000000800b0e8       0x4c /opt/truestudio/ARMTools/bin/../lib/gcc/arm-atollic-eabi/6.3.1/../../../../arm-atollic-eabi/lib/armv7e-m/fpu/libc_nano.a(lib_a-nano-reallocr.o)
                0x000000000800b0e8                _realloc_r
 .text._sbrk_r  0x000000000800b134       0x20 /opt/truestudio/ARMTools/bin/../lib/gcc/arm-atollic-eabi/6.3.1/../../../../arm-atollic-eabi/lib/armv7e-m/fpu/libc_nano.a(lib_a-sbrkr.o)
                0x000000000800b134                _sbrk_r
 .text.__malloc_lock
                0x000000000800b154        0x2 /opt/truestudio/ARMTools/bin/../lib/gcc/arm-atollic-eabi/6.3.1/../../../../arm-atollic-eabi/lib/armv7e-m/fpu/libc_nano.a(lib_a-mlock.o)
                0x000000000800b154                __malloc_lock
 .text.__malloc_unlock
                0x000000000800b156        0x2 /opt/truestudio/ARMTools/bin/../lib/gcc/arm-atollic-eabi/6.3.1/../../../../arm-atollic-eabi/lib/armv7e-m/fpu/libc_nano.a(lib_a-mlock.o)
                0x000000000800b156                __malloc_unlock
 .text._malloc_usable_size_r
                0x000000000800b158       0x12 /opt/truestudio/ARMTools/bin/../lib/gcc/arm-atollic-eabi/6.3.1/../../../../arm-atollic-eabi/lib/armv7e-m/fpu/libc_nano.a(lib_a-nano-msizer.o)
                0x000000000800b158                _malloc_usable_size_r
 *fill*         0x000000000800b16a        0x2 
 .text.log10    0x000000000800b16c      0x100 /opt/truestudio/ARMTools/bin/../lib/gcc/arm-atollic-eabi/6.3.1/../../../../arm-atollic-eabi/lib/armv7e-m/fpu/libm.a(lib_a-w_log10.o)
                0x000000000800b16c                log10
 .text.pow      0x000000000800b26c      0x2f0 /opt/truestudio/ARMTools/bin/../lib/gcc/arm-atollic-eabi/6.3.1/../../../../arm-atollic-eabi/lib/armv7e-m/fpu/libm.a(lib_a-w_pow.o)
                0x000000000800b26c                pow
 *fill*         0x000000000800b55c        0x4 
 .text.__ieee754_log10
                0x000000000800b560      0x11c /opt/truestudio/ARMTools/bin/../lib/gcc/arm-atollic-eabi/6.3.1/../../../../arm-atollic-eabi/lib/armv7e-m/fpu/libm.a(lib_a-e_log10.o)
                0x000000000800b560                __ieee754_log10
 *fill*         0x000000000800b67c        0x4 
 .text.__ieee754_pow
                0x000000000800b680      0xa24 /opt/truestudio/ARMTools/bin/../lib/gcc/arm-atollic-eabi/6.3.1/../../../../arm-atollic-eabi/lib/armv7e-m/fpu/libm.a(lib_a-e_pow.o)
                0x000000000800b680                __ieee754_pow
 .text.__ieee754_sqrt
                0x000000000800c0a4      0x160 /opt/truestudio/ARMTools/bin/../lib/gcc/arm-atollic-eabi/6.3.1/../../../../arm-atollic-eabi/lib/armv7e-m/fpu/libm.a(lib_a-e_sqrt.o)
                0x000000000800c0a4                __ieee754_sqrt
 .text.fabs     0x000000000800c204        0xe /opt/truestudio/ARMTools/bin/../lib/gcc/arm-atollic-eabi/6.3.1/../../../../arm-atollic-eabi/lib/armv7e-m/fpu/libm.a(lib_a-s_fabs.o)
                0x000000000800c204                fabs
 .text.finite   0x000000000800c212       0x10 /opt/truestudio/ARMTools/bin/../lib/gcc/arm-atollic-eabi/6.3.1/../../../../arm-atollic-eabi/lib/armv7e-m/fpu/libm.a(lib_a-s_finite.o)
                0x000000000800c212                finite
 .text.matherr  0x000000000800c222        0x4 /opt/truestudio/ARMTools/bin/../lib/gcc/arm-atollic-eabi/6.3.1/../../../../arm-atollic-eabi/lib/armv7e-m/fpu/libm.a(lib_a-s_matherr.o)
                0x000000000800c222                matherr
 *fill*         0x000000000800c226        0x2 
 .text.nan      0x000000000800c228       0x10 /opt/truestudio/ARMTools/bin/../lib/gcc/arm-atollic-eabi/6.3.1/../../../../arm-atollic-eabi/lib/armv7e-m/fpu/libm.a(lib_a-s_nan.o)
                0x000000000800c228                nan
 .text.rint     0x000000000800c238      0x110 /opt/truestudio/ARMTools/bin/../lib/gcc/arm-atollic-eabi/6.3.1/../../../../arm-atollic-eabi/lib/armv7e-m/fpu/libm.a(lib_a-s_rint.o)
                0x000000000800c238                rint
 .text.scalbn   0x000000000800c348       0xf4 /opt/truestudio/ARMTools/bin/../lib/gcc/arm-atollic-eabi/6.3.1/../../../../arm-atollic-eabi/lib/armv7e-m/fpu/libm.a(lib_a-s_scalbn.o)
                0x000000000800c348                scalbn
 *fill*         0x000000000800c43c        0x4 
 .text.__ieee754_log
                0x000000000800c440      0x3b0 /opt/truestudio/ARMTools/bin/../lib/gcc/arm-atollic-eabi/6.3.1/../../../../arm-atollic-eabi/lib/armv7e-m/fpu/libm.a(lib_a-e_log.o)
                0x000000000800c440                __ieee754_log
 .text.copysign
                0x000000000800c7f0       0x1a /opt/truestudio/ARMTools/bin/../lib/gcc/arm-atollic-eabi/6.3.1/../../../../arm-atollic-eabi/lib/armv7e-m/fpu/libm.a(lib_a-s_copysign.o)
                0x000000000800c7f0                copysign
 *(.glue_7)
 .glue_7        0x000000000800c80a        0x0 linker stubs
 *(.glue_7t)
 .glue_7t       0x000000000800c80a        0x0 linker stubs
 *(.eh_frame)
 *fill*         0x000000000800c80a        0x2 
 .eh_frame      0x000000000800c80c        0x0 /opt/truestudio/ARMTools/bin/../lib/gcc/arm-atollic-eabi/6.3.1/armv7e-m/fpu/crtbegin.o
 *(.init)
 .init          0x000000000800c80c        0x4 /opt/truestudio/ARMTools/bin/../lib/gcc/arm-atollic-eabi/6.3.1/armv7e-m/fpu/crti.o
                0x000000000800c80c                _init
 .init          0x000000000800c810        0x8 /opt/truestudio/ARMTools/bin/../lib/gcc/arm-atollic-eabi/6.3.1/armv7e-m/fpu/crtn.o
 *(.fini)
 .fini          0x000000000800c818        0x4 /opt/truestudio/ARMTools/bin/../lib/gcc/arm-atollic-eabi/6.3.1/armv7e-m/fpu/crti.o
                0x000000000800c818                _fini
 .fini          0x000000000800c81c        0x8 /opt/truestudio/ARMTools/bin/../lib/gcc/arm-atollic-eabi/6.3.1/armv7e-m/fpu/crtn.o
                0x000000000800c824                . = ALIGN (0x4)
                0x000000000800c824                _etext = .

.vfp11_veneer   0x000000000800c824        0x0
 .vfp11_veneer  0x000000000800c824        0x0 linker stubs

.v4_bx          0x000000000800c824        0x0
 .v4_bx         0x000000000800c824        0x0 linker stubs

.iplt           0x000000000800c824        0x0
 .iplt          0x000000000800c824        0x0 /opt/truestudio/ARMTools/bin/../lib/gcc/arm-atollic-eabi/6.3.1/armv7e-m/fpu/crtbegin.o

.rodata         0x000000000800c828      0x6a0
                0x000000000800c828                . = ALIGN (0x4)
 *(.rodata)
 .rodata        0x000000000800c828       0x70 Src/main.o
 .rodata        0x000000000800c898       0x10 Src/sd_diskio.o
 *(.rodata*)
 .rodata.flagBitshiftOffset.8186
                0x000000000800c8a8        0x8 Drivers/STM32F4xx_HAL_Driver/Src/stm32f4xx_hal_dma.o
 .rodata.ExCvt  0x000000000800c8b0       0x80 Middlewares/Third_Party/FatFs/src/ff.o
 .rodata.follow_path.str1.1
                0x000000000800c930        0xf Middlewares/Third_Party/FatFs/src/ff.o
 .rodata.vTaskStartScheduler.str1.1
                0x000000000800c93f        0x5 Middlewares/Third_Party/FreeRTOS/Source/tasks.o
 .rodata.StartLoggingTask.str1.1
                0x000000000800c944      0x2e3 Src/main.o
                                        0x2e8 (size before relaxing)
 .rodata.StartMonitorTask.str1.1
                0x000000000800cc27      0x117 Src/main.o
 .rodata.StartSensorTask.str1.1
                0x000000000800cd3e       0x9c Src/main.o
 .rodata.startMessageHandler.str1.1
                0x000000000800cdda        0x9 Src/main.o
 .rodata.str1.1
                0x000000000800cde3       0x32 Src/main.o
 *fill*         0x000000000800ce15        0x3 
 .rodata.SD_Driver
                0x000000000800ce18       0x14 Src/sd_diskio.o
                0x000000000800ce18                SD_Driver
 .rodata.AHBPrescTable
                0x000000000800ce2c       0x10 Src/system_stm32f4xx.o
                0x000000000800ce2c                AHBPrescTable
 .rodata.APBPrescTable
                0x000000000800ce3c        0x8 Src/system_stm32f4xx.o
                0x000000000800ce3c                APBPrescTable
 .rodata._svfprintf_r.str1.1
                0x000000000800ce44       0x11 /opt/truestudio/ARMTools/bin/../lib/gcc/arm-atollic-eabi/6.3.1/../../../../arm-atollic-eabi/lib/armv7e-m/fpu/libc_nano.a(lib_a-nano-svfprintf.o)
 .rodata._printf_i.str1.1
                0x000000000800ce55       0x22 /opt/truestudio/ARMTools/bin/../lib/gcc/arm-atollic-eabi/6.3.1/../../../../arm-atollic-eabi/lib/armv7e-m/fpu/libc_nano.a(lib_a-nano-vfprintf_i.o)
 .rodata.log10.str1.1
                0x000000000800ce77        0x6 /opt/truestudio/ARMTools/bin/../lib/gcc/arm-atollic-eabi/6.3.1/../../../../arm-atollic-eabi/lib/armv7e-m/fpu/libm.a(lib_a-w_log10.o)
                                          0x7 (size before relaxing)
 .rodata.pow.str1.1
                0x000000000800ce7d        0x4 /opt/truestudio/ARMTools/bin/../lib/gcc/arm-atollic-eabi/6.3.1/../../../../arm-atollic-eabi/lib/armv7e-m/fpu/libm.a(lib_a-w_pow.o)
 .rodata.__ieee754_pow.str1.1
                0x000000000800ce81        0x1 /opt/truestudio/ARMTools/bin/../lib/gcc/arm-atollic-eabi/6.3.1/../../../../arm-atollic-eabi/lib/armv7e-m/fpu/libm.a(lib_a-e_pow.o)
 *fill*         0x000000000800ce81        0x7 
 .rodata.bp     0x000000000800ce88       0x10 /opt/truestudio/ARMTools/bin/../lib/gcc/arm-atollic-eabi/6.3.1/../../../../arm-atollic-eabi/lib/armv7e-m/fpu/libm.a(lib_a-e_pow.o)
 .rodata.dp_h   0x000000000800ce98       0x10 /opt/truestudio/ARMTools/bin/../lib/gcc/arm-atollic-eabi/6.3.1/../../../../arm-atollic-eabi/lib/armv7e-m/fpu/libm.a(lib_a-e_pow.o)
 .rodata.dp_l   0x000000000800cea8       0x10 /opt/truestudio/ARMTools/bin/../lib/gcc/arm-atollic-eabi/6.3.1/../../../../arm-atollic-eabi/lib/armv7e-m/fpu/libm.a(lib_a-e_pow.o)
 .rodata.TWO52  0x000000000800ceb8       0x10 /opt/truestudio/ARMTools/bin/../lib/gcc/arm-atollic-eabi/6.3.1/../../../../arm-atollic-eabi/lib/armv7e-m/fpu/libm.a(lib_a-s_rint.o)
                0x000000000800cec8                . = ALIGN (0x4)

.ARM.extab
 *(.ARM.extab* .gnu.linkonce.armextab.*)

.ARM            0x000000000800cec8        0x8
                0x000000000800cec8                __exidx_start = .
 *(.ARM.exidx*)
 .ARM.exidx     0x000000000800cec8        0x8 /opt/truestudio/ARMTools/bin/../lib/gcc/arm-atollic-eabi/6.3.1/armv7e-m/fpu/libgcc.a(_udivmoddi4.o)
                0x000000000800ced0                __exidx_end = .

.rel.dyn        0x000000000800ced0        0x0
 .rel.iplt      0x000000000800ced0        0x0 /opt/truestudio/ARMTools/bin/../lib/gcc/arm-atollic-eabi/6.3.1/armv7e-m/fpu/crtbegin.o

.preinit_array  0x000000000800ced0        0x0
                0x000000000800ced0                PROVIDE (__preinit_array_start, .)
 *(.preinit_array*)
                0x000000000800ced0                PROVIDE (__preinit_array_end, .)

.init_array     0x000000000800ced0        0x4
                0x000000000800ced0                PROVIDE (__init_array_start, .)
 *(SORT(.init_array.*))
 *(.init_array*)
 .init_array    0x000000000800ced0        0x4 /opt/truestudio/ARMTools/bin/../lib/gcc/arm-atollic-eabi/6.3.1/armv7e-m/fpu/crtbegin.o
                0x000000000800ced4                PROVIDE (__init_array_end, .)

.fini_array     0x000000000800ced4        0x4
                [!provide]                        PROVIDE (__fini_array_start, .)
 *(SORT(.fini_array.*))
 *(.fini_array*)
 .fini_array    0x000000000800ced4        0x4 /opt/truestudio/ARMTools/bin/../lib/gcc/arm-atollic-eabi/6.3.1/armv7e-m/fpu/crtbegin.o
                [!provide]                        PROVIDE (__fini_array_end, .)
                0x000000000800ced8                _sidata = LOADADDR (.data)

.data           0x0000000020000000       0x7c load address 0x000000000800ced8
                0x0000000020000000                . = ALIGN (0x4)
                0x0000000020000000                _sdata = .
 *(.data)
 *(.data*)
 .data.uwTickFreq
                0x0000000020000000        0x1 Drivers/STM32F4xx_HAL_Driver/Src/stm32f4xx_hal.o
                0x0000000020000000                uwTickFreq
 *fill*         0x0000000020000001        0x3 
 .data.uwTickPrio
                0x0000000020000004        0x4 Drivers/STM32F4xx_HAL_Driver/Src/stm32f4xx_hal.o
                0x0000000020000004                uwTickPrio
 .data.uxCriticalNesting
                0x0000000020000008        0x4 Middlewares/Third_Party/FreeRTOS/Source/portable/GCC/ARM_CM4F/port.o
 .data.dev_id   0x000000002000000c        0x1 Src/main.o
                0x000000002000000c                dev_id
 .data.fm_orientation
                0x000000002000000d        0x1 Src/main.o
                0x000000002000000d                fm_orientation
 .data.Stat     0x000000002000000e        0x1 Src/sd_diskio.o
 *fill*         0x000000002000000f        0x1 
 .data.SystemCoreClock
                0x0000000020000010        0x4 Src/system_stm32f4xx.o
                0x0000000020000010                SystemCoreClock
 .data._impure_ptr
                0x0000000020000014        0x4 /opt/truestudio/ARMTools/bin/../lib/gcc/arm-atollic-eabi/6.3.1/../../../../arm-atollic-eabi/lib/armv7e-m/fpu/libc_nano.a(lib_a-impure.o)
                0x0000000020000014                _impure_ptr
 .data.impure_data
                0x0000000020000018       0x60 /opt/truestudio/ARMTools/bin/../lib/gcc/arm-atollic-eabi/6.3.1/../../../../arm-atollic-eabi/lib/armv7e-m/fpu/libc_nano.a(lib_a-impure.o)
 .data.__fdlib_version
                0x0000000020000078        0x1 /opt/truestudio/ARMTools/bin/../lib/gcc/arm-atollic-eabi/6.3.1/../../../../arm-atollic-eabi/lib/armv7e-m/fpu/libm.a(lib_a-s_lib_ver.o)
                0x0000000020000078                __fdlib_version
                0x000000002000007c                . = ALIGN (0x4)
 *fill*         0x0000000020000079        0x3 
                0x000000002000007c                _edata = .
                0x000000000800cf54                _siccmram = LOADADDR (.ccmram)

.igot.plt       0x000000002000007c        0x0 load address 0x000000000800cf54
 .igot.plt      0x000000002000007c        0x0 /opt/truestudio/ARMTools/bin/../lib/gcc/arm-atollic-eabi/6.3.1/armv7e-m/fpu/crtbegin.o

.ccmram         0x0000000010000000        0x0 load address 0x000000000800cf54
                0x0000000010000000                . = ALIGN (0x4)
                0x0000000010000000                _sccmram = .
 *(.ccmram)
 *(.ccmram*)
                0x0000000010000000                . = ALIGN (0x4)
                0x0000000010000000                _eccmram = .
                0x0000000010000000                . = ALIGN (0x4)

.bss            0x000000002000007c     0xa668
                0x000000002000007c                _sbss = .
                0x000000002000007c                __bss_start__ = _sbss
 *(.bss)
 .bss           0x000000002000007c       0x1c /opt/truestudio/ARMTools/bin/../lib/gcc/arm-atollic-eabi/6.3.1/armv7e-m/fpu/crtbegin.o
 *(.bss*)
 .bss.FatFs     0x0000000020000098        0x4 Middlewares/Third_Party/FatFs/src/ff.o
 .bss.Files     0x000000002000009c       0x80 Middlewares/Third_Party/FatFs/src/ff.o
 .bss.Fsid      0x000000002000011c        0x2 Middlewares/Third_Party/FatFs/src/ff.o
 *fill*         0x000000002000011e        0x2 
 .bss.disk      0x0000000020000120        0xc Middlewares/Third_Party/FatFs/src/ff_gen_drv.o
                0x0000000020000120                disk
 .bss.ucMaxSysCallPriority
                0x000000002000012c        0x1 Middlewares/Third_Party/FreeRTOS/Source/portable/GCC/ARM_CM4F/port.o
 *fill*         0x000000002000012d        0x3 
 .bss.ulMaxPRIGROUPValue
                0x0000000020000130        0x4 Middlewares/Third_Party/FreeRTOS/Source/portable/GCC/ARM_CM4F/port.o
 .bss.pxEnd     0x0000000020000134        0x4 Middlewares/Third_Party/FreeRTOS/Source/portable/MemMang/heap_4.o
 .bss.ucHeap    0x0000000020000138     0x3c00 Middlewares/Third_Party/FreeRTOS/Source/portable/MemMang/heap_4.o
 .bss.xBlockAllocatedBit
                0x0000000020003d38        0x4 Middlewares/Third_Party/FreeRTOS/Source/portable/MemMang/heap_4.o
 .bss.xFreeBytesRemaining
                0x0000000020003d3c        0x4 Middlewares/Third_Party/FreeRTOS/Source/portable/MemMang/heap_4.o
 .bss.xMinimumEverFreeBytesRemaining
                0x0000000020003d40        0x4 Middlewares/Third_Party/FreeRTOS/Source/portable/MemMang/heap_4.o
 .bss.xStart    0x0000000020003d44        0x8 Middlewares/Third_Party/FreeRTOS/Source/portable/MemMang/heap_4.o
 .bss.pxCurrentTCB
                0x0000000020003d4c        0x4 Middlewares/Third_Party/FreeRTOS/Source/tasks.o
                0x0000000020003d4c                pxCurrentTCB
 .bss.pxDelayedTaskList
                0x0000000020003d50        0x4 Middlewares/Third_Party/FreeRTOS/Source/tasks.o
 .bss.pxOverflowDelayedTaskList
                0x0000000020003d54        0x4 Middlewares/Third_Party/FreeRTOS/Source/tasks.o
 .bss.pxReadyTasksLists
                0x0000000020003d58       0x8c Middlewares/Third_Party/FreeRTOS/Source/tasks.o
 .bss.uxCurrentNumberOfTasks
                0x0000000020003de4        0x4 Middlewares/Third_Party/FreeRTOS/Source/tasks.o
 .bss.uxDeletedTasksWaitingCleanUp
                0x0000000020003de8        0x4 Middlewares/Third_Party/FreeRTOS/Source/tasks.o
 .bss.uxPendedTicks
                0x0000000020003dec        0x4 Middlewares/Third_Party/FreeRTOS/Source/tasks.o
 .bss.uxSchedulerSuspended
                0x0000000020003df0        0x4 Middlewares/Third_Party/FreeRTOS/Source/tasks.o
 .bss.uxTaskNumber
                0x0000000020003df4        0x4 Middlewares/Third_Party/FreeRTOS/Source/tasks.o
 .bss.uxTopReadyPriority
                0x0000000020003df8        0x4 Middlewares/Third_Party/FreeRTOS/Source/tasks.o
 .bss.xDelayedTaskList1
                0x0000000020003dfc       0x14 Middlewares/Third_Party/FreeRTOS/Source/tasks.o
 .bss.xDelayedTaskList2
                0x0000000020003e10       0x14 Middlewares/Third_Party/FreeRTOS/Source/tasks.o
 .bss.xNextTaskUnblockTime
                0x0000000020003e24        0x4 Middlewares/Third_Party/FreeRTOS/Source/tasks.o
 .bss.xNumOfOverflows
                0x0000000020003e28        0x4 Middlewares/Third_Party/FreeRTOS/Source/tasks.o
 .bss.xPendingReadyList
                0x0000000020003e2c       0x14 Middlewares/Third_Party/FreeRTOS/Source/tasks.o
 .bss.xSchedulerRunning
                0x0000000020003e40        0x4 Middlewares/Third_Party/FreeRTOS/Source/tasks.o
 .bss.xSuspendedTaskList
                0x0000000020003e44       0x14 Middlewares/Third_Party/FreeRTOS/Source/tasks.o
 .bss.xTasksWaitingTermination
                0x0000000020003e58       0x14 Middlewares/Third_Party/FreeRTOS/Source/tasks.o
 .bss.xTickCount
                0x0000000020003e6c        0x4 Middlewares/Third_Party/FreeRTOS/Source/tasks.o
 .bss.xYieldPending
                0x0000000020003e70        0x4 Middlewares/Third_Party/FreeRTOS/Source/tasks.o
 .bss.xIdleStack
                0x0000000020003e74      0x200 Src/freertos.o
 .bss.xIdleTaskTCBBuffer
                0x0000000020004074       0x54 Src/freertos.o
 .bss.baro_cal_valid
                0x00000000200040c8        0x1 Src/main.o
                0x00000000200040c8                baro_cal_valid
 *fill*         0x00000000200040c9        0x3 
 .bss.fm_armed  0x00000000200040cc        0x4 Src/main.o
                0x00000000200040cc                fm_armed
 .bss.fm_state  0x00000000200040d0        0x1 Src/main.o
                0x00000000200040d0                fm_state
 .bss.log_status
                0x00000000200040d1        0x1 Src/main.o
                0x00000000200040d1                log_status
 *fill*         0x00000000200040d2        0x2 
 .bss.usart4_pkt_buffer_ptr
                0x00000000200040d4        0x4 Src/main.o
                0x00000000200040d4                usart4_pkt_buffer_ptr
 .bss.SDQueueID
                0x00000000200040d8        0x4 Src/sd_diskio.o
 .bss.scratch   0x00000000200040dc      0x200 Src/sd_diskio.o
 .bss.heap_end.7010
                0x00000000200042dc        0x4 Src/syscalls.o
 .bss.__malloc_free_list
                0x00000000200042e0        0x4 /opt/truestudio/ARMTools/bin/../lib/gcc/arm-atollic-eabi/6.3.1/../../../../arm-atollic-eabi/lib/armv7e-m/fpu/libc_nano.a(lib_a-nano-mallocr.o)
                0x00000000200042e0                __malloc_free_list
 .bss.__malloc_sbrk_start
                0x00000000200042e4        0x4 /opt/truestudio/ARMTools/bin/../lib/gcc/arm-atollic-eabi/6.3.1/../../../../arm-atollic-eabi/lib/armv7e-m/fpu/libc_nano.a(lib_a-nano-mallocr.o)
                0x00000000200042e4                __malloc_sbrk_start
 *(COMMON)
 COMMON         0x00000000200042e8        0x4 Drivers/STM32F4xx_HAL_Driver/Src/stm32f4xx_hal.o
                0x00000000200042e8                uwTick
 COMMON         0x00000000200042ec       0x40 Middlewares/Third_Party/FreeRTOS/Source/queue.o
                0x00000000200042ec                xQueueRegistry
 COMMON         0x000000002000432c      0x470 Src/fatfs.o
                0x000000002000432c                retSD
                0x000000002000432d                SDPath
                0x0000000020004334                SDFile
                0x0000000020004564                SDFatFS
 COMMON         0x000000002000479c     0x5f44 Src/main.o
                0x000000002000479c                sensorTaskControlBlock
                0x00000000200047f0                hdma_sdio_rx
                0x0000000020004850                baro_mon_queue_handle
                0x0000000020004854                imu_mon_queue_handle
                0x0000000020004858                gps_log_queue
                0x00000000200048a0                usart4_active
                0x00000000200048a4                hi2c3
                0x00000000200048f8                usart6_rx_buffer
                0x0000000020004978                gps_log_queue_handle
                0x000000002000497c                huart3
                0x00000000200049bc                rx_msg_buffer
                0x0000000020004bfc                imu_log_queue
                0x0000000020004c44                sensorTaskHandle
                0x0000000020004c48                rx_msg_queue_handle
                0x0000000020004c4c                hi2c2
                0x0000000020004ca0                rx_msg_queue
                0x0000000020004ce8                baro_log_queue_handle
                0x0000000020004cec                usart6_rx_queue_handle
                0x0000000020004cf0                mag_log
                0x0000000020004f20                monitorTaskControlBlock
                0x0000000020004f74                tx_msg_buffer
                0x00000000200051b4                tx_msg_queue
                0x00000000200051fc                baro_mon_queue
                0x0000000020005244                imu_mon_queue
                0x000000002000528c                messageHandlerHandle
                0x0000000020005290                usart4_tx_queue
                0x00000000200052d8                loggingTaskControlBlock
                0x000000002000532c                hadc3
                0x0000000020005374                imu_log_buffer
                0x0000000020005d74                baro_log_queue
                0x0000000020005dbc                huart1
                0x0000000020005dfc                mon_log_queue
                0x0000000020005e44                monitorTaskBuffer
                0x0000000020006644                usart4_tx_buffer
                0x00000000200066c4                baro_log
                0x00000000200068f4                usart6_tx_queue_handle
                0x00000000200068f8                mon_log
                0x0000000020006b28                usart4_rx_hw_buffer
                0x0000000020006b29                baro_mon_buffer
                0x0000000020006c6c                mag_log_queue_handle
                0x0000000020006c70                usart4_rx_buffer
                0x0000000020006cf0                baro
                0x0000000020006d00                usart6_tx_buffer
                0x0000000020006d80                usart4_rx_queue_handle
                0x0000000020006d84                usart6_tx_queue
                0x0000000020006dcc                gps_log_buffer
                0x00000000200071cc                hdma_sdio_tx
                0x000000002000722c                tx_msg_queue_handle
                0x0000000020007230                usart6_tx_hw_buffer
                0x0000000020007231                usart6_active
                0x0000000020007234                usart6_rx_queue
                0x000000002000727c                mag_log_queue
                0x00000000200072c4                messageHandlerBuffer
                0x0000000020007ac4                sensorTaskBuffer
                0x00000000200082c4                hsd
                0x0000000020008348                usart6_rx_hw_buffer
                0x000000002000834c                loggingTaskBuffer
                0x0000000020008b4c                messageHandlerControlBlock
                0x0000000020008ba0                baro_log_buffer
                0x00000000200095a0                huart6
                0x00000000200095e0                usart4_tx_queue_handle
                0x00000000200095e4                huart4
                0x0000000020009624                mon_log_queue_handle
                0x0000000020009628                loggingTaskHandle
                0x000000002000962c                mon_log_buffer
                0x0000000020009a2c                huart2
                0x0000000020009a6c                usart4_pkt_buffer
                0x0000000020009aec                mag_log_buffer
                0x000000002000a0ec                usart4_tx_hw_buffer
                0x000000002000a0f0                gps_log
                0x000000002000a320                imu_mon_buffer
                0x000000002000a460                imu_log_queue_handle
                0x000000002000a464                imu_log
                0x000000002000a694                monitorTaskHandle
                0x000000002000a698                usart4_rx_queue
 COMMON         0x000000002000a6e0        0x4 /opt/truestudio/ARMTools/bin/../lib/gcc/arm-atollic-eabi/6.3.1/../../../../arm-atollic-eabi/lib/armv7e-m/fpu/libc_nano.a(lib_a-reent.o)
                0x000000002000a6e0                errno
                0x000000002000a6e4                . = ALIGN (0x4)
                0x000000002000a6e4                _ebss = .
                0x000000002000a6e4                __bss_end__ = _ebss

._user_heap_stack
                0x000000002000a6e4      0x600
                0x000000002000a6e4                . = ALIGN (0x4)
                0x000000002000a6e4                PROVIDE (end, .)